Archive member included to satisfy reference by file (symbol)

app/libapp.a(main.c.obj)      (--whole-archive)
zephyr/libzephyr.a(crc32_sw.c.obj)
                              (--whole-archive)
zephyr/libzephyr.a(crc16_sw.c.obj)
                              (--whole-archive)
zephyr/libzephyr.a(crc8_sw.c.obj)
                              (--whole-archive)
zephyr/libzephyr.a(crc7_sw.c.obj)
                              (--whole-archive)
zephyr/libzephyr.a(dec.c.obj)
                              (--whole-archive)
zephyr/libzephyr.a(fdtable.c.obj)
                              (--whole-archive)
zephyr/libzephyr.a(hex.c.obj)
                              (--whole-archive)
zephyr/libzephyr.a(mempool.c.obj)
                              (--whole-archive)
zephyr/libzephyr.a(printk.c.obj)
                              (--whole-archive)
zephyr/libzephyr.a(onoff.c.obj)
                              (--whole-archive)
zephyr/libzephyr.a(rb.c.obj)  (--whole-archive)
zephyr/libzephyr.a(sem.c.obj)
                              (--whole-archive)
zephyr/libzephyr.a(thread_entry.c.obj)
                              (--whole-archive)
zephyr/libzephyr.a(timeutil.c.obj)
                              (--whole-archive)
zephyr/libzephyr.a(work_q.c.obj)
                              (--whole-archive)
zephyr/libzephyr.a(configs.c.obj)
                              (--whole-archive)
zephyr/libzephyr.a(soc.c.obj)
                              (--whole-archive)
zephyr/libzephyr.a(power.c.obj)
                              (--whole-archive)
zephyr/libzephyr.a(validate_base_addresses.c.obj)
                              (--whole-archive)
zephyr/libzephyr.a(power.c.obj)
                              (--whole-archive)
zephyr/libzephyr.a(policy_residency.c.obj)
                              (--whole-archive)
zephyr/libzephyr.a(uart_console.c.obj)
                              (--whole-archive)
zephyr/libzephyr.a(nrf_power_clock.c.obj)
                              (--whole-archive)
zephyr/libzephyr.a(sys_clock_init.c.obj)
                              (--whole-archive)
zephyr/libzephyr.a(nrf_rtc_timer.c.obj)
                              (--whole-archive)
zephyr/libzephyr.a(secure_services_ns.c.obj)
                              (--whole-archive)
zephyr/arch/common/libarch__common.a(isr_tables.c.obj)
                              (--whole-archive)
zephyr/arch/common/libarch__common.a(sw_isr_common.c.obj)
                              (--whole-archive)
zephyr/arch/arch/arm/core/aarch32/libarch__arm__core__aarch32.a(exc_exit.S.obj)
                              (--whole-archive)
zephyr/arch/arch/arm/core/aarch32/libarch__arm__core__aarch32.a(swap_helper.S.obj)
                              (--whole-archive)
zephyr/arch/arch/arm/core/aarch32/libarch__arm__core__aarch32.a(cpu_idle.S.obj)
                              (--whole-archive)
zephyr/arch/arch/arm/core/aarch32/libarch__arm__core__aarch32.a(fault_s.S.obj)
                              (--whole-archive)
zephyr/arch/arch/arm/core/aarch32/libarch__arm__core__aarch32.a(nmi_on_reset.S.obj)
                              (--whole-archive)
zephyr/arch/arch/arm/core/aarch32/libarch__arm__core__aarch32.a(isr_wrapper.S.obj)
                              (--whole-archive)
zephyr/arch/arch/arm/core/aarch32/libarch__arm__core__aarch32.a(swap.c.obj)
                              (--whole-archive)
zephyr/arch/arch/arm/core/aarch32/libarch__arm__core__aarch32.a(irq_manage.c.obj)
                              (--whole-archive)
zephyr/arch/arch/arm/core/aarch32/libarch__arm__core__aarch32.a(thread.c.obj)
                              (--whole-archive)
zephyr/arch/arch/arm/core/aarch32/libarch__arm__core__aarch32.a(fatal.c.obj)
                              (--whole-archive)
zephyr/arch/arch/arm/core/aarch32/libarch__arm__core__aarch32.a(nmi.c.obj)
                              (--whole-archive)
zephyr/arch/arch/arm/core/aarch32/libarch__arm__core__aarch32.a(prep_c.c.obj)
                              (--whole-archive)
zephyr/arch/arch/arm/core/aarch32/cortex_m/libarch__arm__core__aarch32__cortex_m.a(vector_table.S.obj)
                              (--whole-archive)
zephyr/arch/arch/arm/core/aarch32/cortex_m/libarch__arm__core__aarch32__cortex_m.a(reset.S.obj)
                              (--whole-archive)
zephyr/arch/arch/arm/core/aarch32/cortex_m/libarch__arm__core__aarch32__cortex_m.a(fault.c.obj)
                              (--whole-archive)
zephyr/arch/arch/arm/core/aarch32/cortex_m/libarch__arm__core__aarch32__cortex_m.a(scb.c.obj)
                              (--whole-archive)
zephyr/arch/arch/arm/core/aarch32/cortex_m/libarch__arm__core__aarch32__cortex_m.a(irq_init.c.obj)
                              (--whole-archive)
zephyr/arch/arch/arm/core/aarch32/cortex_m/libarch__arm__core__aarch32__cortex_m.a(thread_abort.c.obj)
                              (--whole-archive)
zephyr/arch/arch/arm/core/aarch32/cortex_m/mpu/libarch__arm__core__aarch32__cortex_m__mpu.a(arm_core_mpu.c.obj)
[...]
Memory Configuration

Name             Origin             Length             Attributes
FLASH            0x0000c000         0x000f4000         xr
SRAM             0x20020000         0x00020000         xw
IDT_LIST         0x20040000         0x00000800         xw
*default*        0x00000000         0xffffffff

Linker script and memory map

LOAD zephyr/CMakeFiles/zephyr_prebuilt.dir/misc/empty_file.c.obj
                0x00000020                _region_min_align = 0x20

.rel.plt        0x0000c000        0x0
 *(SORT_BY_ALIGNMENT(.rel.plt))
                [!provide]                PROVIDE (__rel_iplt_start = .)
 *(SORT_BY_ALIGNMENT(.rel.iplt))
 .rel.iplt      0x0000c000        0x0 app/libapp.a(main.c.obj)
                [!provide]                PROVIDE (__rel_iplt_end = .)

.rela.plt       0x00000000        0x0
 *(SORT_BY_ALIGNMENT(.rela.plt))
                [!provide]                PROVIDE (__rela_iplt_start = .)
 *(SORT_BY_ALIGNMENT(.rela.iplt))
                [!provide]                PROVIDE (__rela_iplt_end = .)

.rel.dyn
 *(SORT_BY_ALIGNMENT(.rel.*))

.rela.dyn
 *(SORT_BY_ALIGNMENT(.rela.*))

/DISCARD/
 *(SORT_BY_ALIGNMENT(.plt))
 *(SORT_BY_ALIGNMENT(.iplt))
 *(SORT_BY_ALIGNMENT(.got.plt))
 *(SORT_BY_ALIGNMENT(.igot.plt))
 *(SORT_BY_ALIGNMENT(.got))
 *(SORT_BY_ALIGNMENT(.igot))
 *(SORT_BY_ALIGNMENT(.note.GNU-stack))
                0x0000c000                _image_rom_start = 0xc000

rom_start       0x0000c000      0x23c
                0x00000000                . = 0x0
                0x00000000                . = ALIGN (0x4)
                0x0000c000                _vector_start = .
 *(SORT_BY_ALIGNMENT(.exc_vector_table))
 *(SORT_BY_ALIGNMENT(.exc_vector_table.*))
 .exc_vector_table._vector_table_section
                0x0000c000       0x40 zephyr/arch/arch/arm/core/aarch32/cortex_m/libarch__arm__core__aarch32__cortex_m.a(vector_table.S.obj)
                0x0000c000                _vector_table
 *(SORT_BY_ALIGNMENT(.gnu.linkonce.irq_vector_table))
 .gnu.linkonce.irq_vector_table
                0x0000c040      0x104 zephyr/arch/common/libarch__common.a(isr_tables.c.obj)
                0x0000c040                _irq_vector_table
 *(SORT_BY_ALIGNMENT(.vectors))
                0x0000c144                _vector_end = .
 *(SORT_BY_ALIGNMENT(.openocd_dbg))
 *(SORT_BY_ALIGNMENT(.openocd_dbg.*))
                0x00000200                . = 0x200
 *fill*         0x0000c144       0xbc 
                0x0000c200                _fw_info_start = .
 *(SORT_BY_NAME(SORT_BY_ALIGNMENT(.firmware_info*)))
 .firmware_info
                0x0000c200       0x3c modules/nrf/subsys/fw_info/lib..__nrf__subsys__fw_info.a(fw_info.c.obj)
                0x0000c200                m_firmware_info
                0x0000003c                _fw_info_size = ABSOLUTE ((. - _fw_info_start))

text            0x0000c23c     0x2756
                0x0000c23c                _image_text_start = .
 *(SORT_BY_ALIGNMENT(.text))
 .text          0x0000c23c       0x30 c:/gnuarmemb/bin/../lib/gcc/arm-none-eabi/8.3.1/thumb/v8-m.main/nofp\libgcc.a(_aeabi_uldivmod.o)
                0x0000c23c                __aeabi_uldivmod
 .text          0x0000c26c      0x2c8 c:/gnuarmemb/bin/../lib/gcc/arm-none-eabi/8.3.1/thumb/v8-m.main/nofp\libgcc.a(_udivmoddi4.o)
                0x0000c26c                __udivmoddi4
 .text          0x0000c534        0x4 c:/gnuarmemb/bin/../lib/gcc/arm-none-eabi/8.3.1/thumb/v8-m.main/nofp\libgcc.a(_dvmd_tls.o)
                0x0000c534                __aeabi_idiv0
                0x0000c534                __aeabi_ldiv0
 *(SORT_BY_ALIGNMENT(.text.*))
 .text.main     0x0000c538        0xc app/libapp.a(main.c.obj)
                0x0000c538                main
 .text.char_out
                0x0000c544       0x10 zephyr/libzephyr.a(printk.c.obj)
 .text._printk_dec_ulong
                0x0000c554       0x98 zephyr/libzephyr.a(printk.c.obj)
 .text.__printk_hook_install
                0x0000c5ec        0xc zephyr/libzephyr.a(printk.c.obj)
                0x0000c5ec                __printk_hook_install
 .text.vprintk  0x0000c5f8       0x1c zephyr/libzephyr.a(printk.c.obj)
                0x0000c5f8                vprintk
 .text.nordicsemi_nrf91_init
                0x0000c614       0x28 zephyr/libzephyr.a(soc.c.obj)
 .text.console_out
                0x0000c63c       0x28 zephyr/libzephyr.a(uart_console.c.obj)
 .text.uart_console_hook_install
                0x0000c664       0x18 zephyr/libzephyr.a(uart_console.c.obj)
                0x0000c664                uart_console_hook_install
 .text.uart_console_init
                0x0000c67c       0x1c zephyr/libzephyr.a(uart_console.c.obj)
 .text.clock_async_start
                0x0000c698       0xe4 zephyr/libzephyr.a(nrf_power_clock.c.obj)
 .text.clk_init
                0x0000c77c       0x38 zephyr/libzephyr.a(nrf_power_clock.c.obj)
 .text.nrf_power_clock_isr
                0x0000c7b4       0x54 zephyr/libzephyr.a(nrf_power_clock.c.obj)
                0x0000c7b4                nrf_power_clock_isr
 .text.rtc1_nrf_isr
                0x0000c808       0x40 zephyr/libzephyr.a(nrf_rtc_timer.c.obj)
                0x0000c808                rtc1_nrf_isr
 .text.z_clock_driver_init
                0x0000c848       0x6c zephyr/libzephyr.a(nrf_rtc_timer.c.obj)
                0x0000c848                z_clock_driver_init
 .text.z_clock_set_timeout
                0x0000c8b4       0xac zephyr/libzephyr.a(nrf_rtc_timer.c.obj)
                0x0000c8b4                z_clock_set_timeout
 .text.z_clock_elapsed
                0x0000c960       0x34 zephyr/libzephyr.a(nrf_rtc_timer.c.obj)
                0x0000c960                z_clock_elapsed
 .text._HandlerModeExit
                0x0000c994       0x1c zephyr/arch/arch/arm/core/aarch32/libarch__arm__core__aarch32.a(exc_exit.S.obj)
                0x0000c994                z_arm_int_exit
                0x0000c994                z_arm_exc_exit
 .text.z_arm_pendsv
                0x0000c9b0       0x54 zephyr/arch/arch/arm/core/aarch32/libarch__arm__core__aarch32.a(swap_helper.S.obj)
                0x0000c9b0                z_arm_pendsv
 .text.z_arm_svc
                0x0000ca04       0x20 zephyr/arch/arch/arm/core/aarch32/libarch__arm__core__aarch32.a(swap_helper.S.obj)
                0x0000ca04                z_arm_svc
 .text.z_arm_cpu_idle_init
                0x0000ca24        0xc zephyr/arch/arch/arm/core/aarch32/libarch__arm__core__aarch32.a(cpu_idle.S.obj)
                0x0000ca24                z_arm_cpu_idle_init
 .text.arch_cpu_idle
                0x0000ca30        0xc zephyr/arch/arch/arm/core/aarch32/libarch__arm__core__aarch32.a(cpu_idle.S.obj)
                0x0000ca30                arch_cpu_idle
 .text.__fault  0x0000ca3c       0x14 zephyr/arch/arch/arm/core/aarch32/libarch__arm__core__aarch32.a(fault_s.S.obj)
                0x0000ca3c                z_arm_usage_fault
                0x0000ca3c                z_arm_mpu_fault
                0x0000ca3c                z_arm_reserved
                0x0000ca3c                z_arm_debug_monitor
                0x0000ca3c                z_arm_hard_fault
                0x0000ca3c                z_arm_bus_fault
 .text.z_SysNmiOnReset
                0x0000ca50        0x8 zephyr/arch/arch/arm/core/aarch32/libarch__arm__core__aarch32.a(nmi_on_reset.S.obj)
                0x0000ca50                z_SysNmiOnReset
 .text._isr_wrapper
                0x0000ca58       0x40 zephyr/arch/arch/arm/core/aarch32/libarch__arm__core__aarch32.a(isr_wrapper.S.obj)
                0x0000ca58                _isr_wrapper
 .text.arch_swap
                0x0000ca98       0x34 zephyr/arch/arch/arm/core/aarch32/libarch__arm__core__aarch32.a(swap.c.obj)
                0x0000ca98                arch_swap
 .text.arch_irq_enable
                0x0000cacc       0x20 zephyr/arch/arch/arm/core/aarch32/libarch__arm__core__aarch32.a(irq_manage.c.obj)
                0x0000cacc                arch_irq_enable
 .text.z_arm_irq_priority_set
                0x0000caec       0x30 zephyr/arch/arch/arm/core/aarch32/libarch__arm__core__aarch32.a(irq_manage.c.obj)
                0x0000caec                z_arm_irq_priority_set
 .text.arch_new_thread
                0x0000cb1c       0x44 zephyr/arch/arch/arm/core/aarch32/libarch__arm__core__aarch32.a(thread.c.obj)
                0x0000cb1c                arch_new_thread
 .text.arch_switch_to_main_thread
                0x0000cb60       0x3c zephyr/arch/arch/arm/core/aarch32/libarch__arm__core__aarch32.a(thread.c.obj)
                0x0000cb60                arch_switch_to_main_thread
 .text.z_arm_prep_c
                0x0000cb9c       0x2c zephyr/arch/arch/arm/core/aarch32/libarch__arm__core__aarch32.a(prep_c.c.obj)
                0x0000cb9c                z_arm_prep_c
 .text._reset_section
                0x0000cbc8       0x30 zephyr/arch/arch/arm/core/aarch32/cortex_m/libarch__arm__core__aarch32__cortex_m.a(reset.S.obj)
                0x0000cbc8                __start
                0x0000cbc8                z_arm_reset
 .text.mem_manage_fault.isra.2
                0x0000cbf8       0x38 zephyr/arch/arch/arm/core/aarch32/cortex_m/libarch__arm__core__aarch32__cortex_m.a(fault.c.obj)
 .text.bus_fault.isra.3
                0x0000cc30       0x3c zephyr/arch/arch/arm/core/aarch32/cortex_m/libarch__arm__core__aarch32__cortex_m.a(fault.c.obj)
 .text.usage_fault.isra.4
                0x0000cc6c       0x24 zephyr/arch/arch/arm/core/aarch32/cortex_m/libarch__arm__core__aarch32__cortex_m.a(fault.c.obj)
 .text.z_arm_fault
                0x0000cc90       0xf8 zephyr/arch/arch/arm/core/aarch32/cortex_m/libarch__arm__core__aarch32__cortex_m.a(fault.c.obj)
                0x0000cc90                z_arm_fault
 .text.z_arm_fault_init
                0x0000cd88       0x10 zephyr/arch/arch/arm/core/aarch32/cortex_m/libarch__arm__core__aarch32__cortex_m.a(fault.c.obj)
                0x0000cd88                z_arm_fault_init
 .text.sys_arch_reboot
                0x0000cd98       0x24 zephyr/arch/arch/arm/core/aarch32/cortex_m/libarch__arm__core__aarch32__cortex_m.a(scb.c.obj)
                0x0000cd98                sys_arch_reboot
 .text.z_arm_int_lib_init
                0x0000cdbc       0x18 zephyr/arch/arch/arm/core/aarch32/cortex_m/libarch__arm__core__aarch32__cortex_m.a(irq_init.c.obj)
                0x0000cdbc                z_arm_int_lib_init
 .text.z_impl_k_thread_abort
                0x0000cdd4       0x4c zephyr/arch/arch/arm/core/aarch32/cortex_m/libarch__arm__core__aarch32__cortex_m.a(thread_abort.c.obj)
                0x0000cdd4                z_impl_k_thread_abort
 .text.z_arm_configure_static_mpu_regions
                0x0000ce20       0x54 zephyr/arch/arch/arm/core/aarch32/cortex_m/mpu/libarch__arm__core__aarch32__cortex_m__mpu.a(arm_core_mpu.c.obj)
                0x0000ce20                z_arm_configure_static_mpu_regions
 .text.region_init
                0x0000ce74       0x30 zephyr/arch/arch/arm/core/aarch32/cortex_m/mpu/libarch__arm__core__aarch32__cortex_m__mpu.a(arm_mpu.c.obj)
 .text.mpu_configure_regions_and_partition.constprop.1
                0x0000cea4      0x134 zephyr/arch/arch/arm/core/aarch32/cortex_m/mpu/libarch__arm__core__aarch32__cortex_m__mpu.a(arm_mpu.c.obj)
 .text.arm_core_mpu_enable
                0x0000cfd8       0x14 zephyr/arch/arch/arm/core/aarch32/cortex_m/mpu/libarch__arm__core__aarch32__cortex_m__mpu.a(arm_mpu.c.obj)
                0x0000cfd8                arm_core_mpu_enable
 .text.arm_core_mpu_disable
                0x0000cfec       0x10 zephyr/arch/arch/arm/core/aarch32/cortex_m/mpu/libarch__arm__core__aarch32__cortex_m__mpu.a(arm_mpu.c.obj)
                0x0000cfec                arm_core_mpu_disable
 .text.arm_mpu_init
                0x0000cffc       0x4c zephyr/arch/arch/arm/core/aarch32/cortex_m/mpu/libarch__arm__core__aarch32__cortex_m__mpu.a(arm_mpu.c.obj)
 .text.arm_core_mpu_configure_static_mpu_regions
                0x0000d048       0x14 zephyr/arch/arch/arm/core/aarch32/cortex_m/mpu/libarch__arm__core__aarch32__cortex_m__mpu.a(arm_mpu.c.obj)
                0x0000d048                arm_core_mpu_configure_static_mpu_regions
 .text.arm_core_mpu_mark_areas_for_dynamic_regions
                0x0000d05c       0xa8 zephyr/arch/arch/arm/core/aarch32/cortex_m/mpu/libarch__arm__core__aarch32__cortex_m__mpu.a(arm_mpu.c.obj)
                0x0000d05c                arm_core_mpu_mark_areas_for_dynamic_regions
 .text.arm_core_mpu_configure_dynamic_mpu_regions
                0x0000d104       0x40 zephyr/arch/arch/arm/core/aarch32/cortex_m/mpu/libarch__arm__core__aarch32__cortex_m__mpu.a(arm_mpu.c.obj)
                0x0000d104                arm_core_mpu_configure_dynamic_mpu_regions
 .text.__stdout_hook_install
                0x0000d144        0xc zephyr/lib/libc/minimal/liblib__libc__minimal.a(stdout_console.c.obj)
                0x0000d144                __stdout_hook_install
 .text.gpio_nrfx_init
                0x0000d150       0x30 zephyr/drivers/gpio/libdrivers__gpio.a(gpio_nrfx.c.obj)
 .text.gpiote_pin_int_cfg
                0x0000d180      0x158 zephyr/drivers/gpio/libdrivers__gpio.a(gpio_nrfx.c.obj)
 .text.gpio_nrfx_config
                0x0000d2d8      0x124 zephyr/drivers/gpio/libdrivers__gpio.a(gpio_nrfx.c.obj)
 .text.gpiote_event_handler
                0x0000d3fc      0x154 zephyr/drivers/gpio/libdrivers__gpio.a(gpio_nrfx.c.obj)
 .text.uarte_nrfx_configure
                0x0000d550      0x16c zephyr/drivers/serial/libdrivers__serial.a(uart_nrfx_uarte.c.obj)
 .text.uarte_0_init
                0x0000d6bc       0x6c zephyr/drivers/serial/libdrivers__serial.a(uart_nrfx_uarte.c.obj)
 .text.check_ext_api_requests
                0x0000d728       0x88 modules/nrf/subsys/fw_info/lib..__nrf__subsys__fw_info.a(fw_info.c.obj)
 .text.SystemInit
                0x0000d7b0       0x10 modules/nordic/lib..__modules__hal__nordic.a(system_nrf9160.c.obj)
                0x0000d7b0                SystemInit
 .text.z_sys_device_do_config_level
                0x0000d7c0       0x2c zephyr/kernel/libkernel.a(device.c.obj)
                0x0000d7c0                z_sys_device_do_config_level
 .text.z_impl_device_get_binding
                0x0000d7ec       0x4c zephyr/kernel/libkernel.a(device.c.obj)
                0x0000d7ec                z_impl_device_get_binding
 .text.idle     0x0000d838       0x34 zephyr/kernel/libkernel.a(idle.c.obj)
                0x0000d838                idle
 .text.z_bss_zero
                0x0000d86c       0x14 zephyr/kernel/libkernel.a(init.c.obj)
                0x0000d86c                z_bss_zero
 .text.z_data_copy
                0x0000d880       0x34 zephyr/kernel/libkernel.a(init.c.obj)
                0x0000d880                z_data_copy
 .text.bg_thread_main
                0x0000d8b4       0x48 zephyr/kernel/libkernel.a(init.c.obj)
 .text.z_cstart
                0x0000d8fc      0x104 zephyr/kernel/libkernel.a(init.c.obj)
                0x0000d8fc                z_cstart
 .text.z_reset_time_slice
                0x0000da00       0x2c zephyr/kernel/libkernel.a(sched.c.obj)
                0x0000da00                z_reset_time_slice
 .text.k_sched_time_slice_set
                0x0000da2c       0x58 zephyr/kernel/libkernel.a(sched.c.obj)
                0x0000da2c                k_sched_time_slice_set
 .text.k_sched_lock
                0x0000da84       0x28 zephyr/kernel/libkernel.a(sched.c.obj)
                0x0000da84                k_sched_lock
 .text.z_priq_dumb_remove
                0x0000daac       0x2c zephyr/kernel/libkernel.a(sched.c.obj)
                0x0000daac                z_priq_dumb_remove
 .text.update_cache
                0x0000dad8       0x3c zephyr/kernel/libkernel.a(sched.c.obj)
 .text.k_sched_unlock
                0x0000db14       0x38 zephyr/kernel/libkernel.a(sched.c.obj)
                0x0000db14                k_sched_unlock
 .text.z_add_thread_to_ready_q
                0x0000db4c       0x6c zephyr/kernel/libkernel.a(sched.c.obj)
                0x0000db4c                z_add_thread_to_ready_q
 .text.z_move_thread_to_end_of_prio_q
                0x0000dbb8       0x88 zephyr/kernel/libkernel.a(sched.c.obj)
                0x0000dbb8                z_move_thread_to_end_of_prio_q
 .text.z_time_slice
                0x0000dc40       0x6c zephyr/kernel/libkernel.a(sched.c.obj)
                0x0000dc40                z_time_slice
 .text.z_thread_single_abort
                0x0000dcac       0x88 zephyr/kernel/libkernel.a(sched.c.obj)
                0x0000dcac                z_thread_single_abort
 .text.z_sched_init
                0x0000dd34       0x18 zephyr/kernel/libkernel.a(sched.c.obj)
                0x0000dd34                z_sched_init
 .text.z_impl_k_current_get
                0x0000dd4c        0xc zephyr/kernel/libkernel.a(sched.c.obj)
                0x0000dd4c                z_impl_k_current_get
 .text.z_impl_k_thread_start
                0x0000dd58       0x48 zephyr/kernel/libkernel.a(thread.c.obj)
                0x0000dd58                z_impl_k_thread_start
 .text.z_setup_new_thread
                0x0000dda0       0x30 zephyr/kernel/libkernel.a(thread.c.obj)
                0x0000dda0                z_setup_new_thread
 .text.z_init_static_threads
                0x0000ddd0       0xb4 zephyr/kernel/libkernel.a(thread.c.obj)
                0x0000ddd0                z_init_static_threads
 .text.elapsed  0x0000de84       0x14 zephyr/kernel/libkernel.a(timeout.c.obj)
 .text.remove_timeout
                0x0000de98       0x28 zephyr/kernel/libkernel.a(timeout.c.obj)
 .text.next_timeout
                0x0000dec0       0x38 zephyr/kernel/libkernel.a(timeout.c.obj)
 .text.z_add_timeout
                0x0000def8       0x84 zephyr/kernel/libkernel.a(timeout.c.obj)
                0x0000def8                z_add_timeout
 .text.z_clock_announce
                0x0000df7c       0xac zephyr/kernel/libkernel.a(timeout.c.obj)
                0x0000df7c                z_clock_announce
 .text.init_static_pools
                0x0000e028       0x28 zephyr/kernel/libkernel.a(mempool.c.obj)
                0x0000e028                init_static_pools
 .text.z_sys_mem_pool_base_init
                0x0000e050       0x8c zephyr/libzephyr.a(mempool.c.obj)
                0x0000e050                z_sys_mem_pool_base_init
 .text.arch_printk_char_out
                0x0000e0dc        0x4 zephyr/libzephyr.a(printk.c.obj)
                0x0000e0dc                arch_printk_char_out
 .text.print_err
                0x0000e0e0       0x1c zephyr/libzephyr.a(printk.c.obj)
 .text.z_vprintk
                0x0000e0fc      0x2e0 zephyr/libzephyr.a(printk.c.obj)
                0x0000e0fc                z_vprintk
 .text.printk   0x0000e3dc       0x1a zephyr/libzephyr.a(printk.c.obj)
                0x0000e3dc                printk
 .text.z_thread_entry
                0x0000e3f6       0x14 zephyr/libzephyr.a(thread_entry.c.obj)
                0x0000e3f6                z_thread_entry
 .text._ConfigAbsSyms
                0x0000e40a        0x2 zephyr/libzephyr.a(configs.c.obj)
                0x0000e40a                _ConfigAbsSyms
 .text.z_platform_init
                0x0000e40c        0x4 zephyr/libzephyr.a(soc.c.obj)
                0x0000e40c                z_platform_init
 .text.get_status
                0x0000e410       0x1c zephyr/libzephyr.a(nrf_power_clock.c.obj)
 .text.clock_stop
                0x0000e42c       0x7e zephyr/libzephyr.a(nrf_power_clock.c.obj)
 .text.clkstarted_handle
                0x0000e4aa       0x46 zephyr/libzephyr.a(nrf_power_clock.c.obj)
 .text.clock_start
                0x0000e4f0        0x6 zephyr/libzephyr.a(nrf_power_clock.c.obj)
 .text.z_clock_isr
                0x0000e4f6        0x2 zephyr/libzephyr.a(sys_clock_init.c.obj)
                0x0000e4f6                z_clock_isr
 .text.z_clock_idle_exit
                0x0000e4f8        0x2 zephyr/libzephyr.a(sys_clock_init.c.obj)
                0x0000e4f8                z_clock_idle_exit
 .text.z_irq_spurious
                0x0000e4fa        0x4 zephyr/arch/arch/arm/core/aarch32/libarch__arm__core__aarch32.a(irq_manage.c.obj)
                0x0000e4fa                z_irq_spurious
 .text.z_arm_fatal_error
                0x0000e4fe        0x4 zephyr/arch/arch/arm/core/aarch32/libarch__arm__core__aarch32.a(fatal.c.obj)
                0x0000e4fe                z_arm_fatal_error
 .text.z_do_kernel_oops
                0x0000e502        0x8 zephyr/arch/arch/arm/core/aarch32/libarch__arm__core__aarch32.a(fatal.c.obj)
                0x0000e502                z_do_kernel_oops
 .text.z_arm_nmi
                0x0000e50a        0xe zephyr/arch/arch/arm/core/aarch32/libarch__arm__core__aarch32.a(nmi.c.obj)
                0x0000e50a                z_arm_nmi
 .text.z_arm_configure_dynamic_mpu_regions
                0x0000e518       0x10 zephyr/arch/arch/arm/core/aarch32/cortex_m/mpu/libarch__arm__core__aarch32__cortex_m__mpu.a(arm_core_mpu.c.obj)
                0x0000e518                z_arm_configure_dynamic_mpu_regions
 .text.mpu_configure_region
                0x0000e528       0x44 zephyr/arch/arch/arm/core/aarch32/cortex_m/mpu/libarch__arm__core__aarch32__cortex_m__mpu.a(arm_mpu.c.obj)
 .text.arm_cmse_mpu_region_get
                0x0000e56c       0x12 zephyr/arch/arch/arm/core/aarch32/cortex_m/cmse/libarch__arm__core__aarch32__cortex_m__cmse.a(arm_core_cmse.c.obj)
                0x0000e56c                arm_cmse_mpu_region_get
 .text.strcmp   0x0000e57e       0x18 zephyr/lib/libc/minimal/liblib__libc__minimal.a(string.c.obj)
                0x0000e57e                strcmp
 .text.memcmp   0x0000e596       0x20 zephyr/lib/libc/minimal/liblib__libc__minimal.a(string.c.obj)
                0x0000e596                memcmp
 .text.memcpy   0x0000e5b6       0x54 zephyr/lib/libc/minimal/liblib__libc__minimal.a(string.c.obj)
                0x0000e5b6                memcpy
 .text.memset   0x0000e60a       0x44 zephyr/lib/libc/minimal/liblib__libc__minimal.a(string.c.obj)
                0x0000e60a                memset
 .text._stdout_hook_default
                0x0000e64e        0x6 zephyr/lib/libc/minimal/liblib__libc__minimal.a(stdout_console.c.obj)
 .text.gpio_nrfx_write
                0x0000e654       0x34 zephyr/drivers/gpio/libdrivers__gpio.a(gpio_nrfx.c.obj)
 .text.gpio_nrfx_read
                0x0000e688       0x32 zephyr/drivers/gpio/libdrivers__gpio.a(gpio_nrfx.c.obj)
 .text.gpio_nrfx_manage_callback
                0x0000e6ba       0x56 zephyr/drivers/gpio/libdrivers__gpio.a(gpio_nrfx.c.obj)
 .text.gpio_nrfx_pin_disable_callback
                0x0000e710       0x42 zephyr/drivers/gpio/libdrivers__gpio.a(gpio_nrfx.c.obj)
 .text.gpio_nrfx_pin_enable_callback
                0x0000e752       0x40 zephyr/drivers/gpio/libdrivers__gpio.a(gpio_nrfx.c.obj)
 .text.uarte_nrfx_config_get
                0x0000e792       0x10 zephyr/drivers/serial/libdrivers__serial.a(uart_nrfx_uarte.c.obj)
 .text.uarte_nrfx_err_check
                0x0000e7a2       0x10 zephyr/drivers/serial/libdrivers__serial.a(uart_nrfx_uarte.c.obj)
 .text.uarte_nrfx_poll_in
                0x0000e7b2       0x24 zephyr/drivers/serial/libdrivers__serial.a(uart_nrfx_uarte.c.obj)
 .text.uarte_nrfx_poll_out
                0x0000e7d6       0x30 zephyr/drivers/serial/libdrivers__serial.a(uart_nrfx_uarte.c.obj)
 .text.k_sys_fatal_error_handler
                0x0000e806        0x8 modules/nrf/lib/fatal_error/lib..__nrf__lib__fatal_error.a(fatal_error.c.obj)
                0x0000e806                k_sys_fatal_error_handler
 .text.z_fatal_error
                0x0000e80e       0x1e zephyr/kernel/libkernel.a(fatal.c.obj)
                0x0000e80e                z_fatal_error
 .text.z_sys_power_save_idle_exit
                0x0000e82c        0x4 zephyr/kernel/libkernel.a(idle.c.obj)
                0x0000e82c                z_sys_power_save_idle_exit
 .text.z_is_thread_ready
                0x0000e830       0x12 zephyr/kernel/libkernel.a(sched.c.obj)
 .text.z_reschedule
                0x0000e842       0x16 zephyr/kernel/libkernel.a(sched.c.obj)
                0x0000e842                z_reschedule
 .text.z_reschedule_irqlock
                0x0000e858       0x18 zephyr/kernel/libkernel.a(sched.c.obj)
                0x0000e858                z_reschedule_irqlock
 .text.z_reschedule_unlocked
                0x0000e870       0x14 zephyr/kernel/libkernel.a(sched.c.obj)
 .text.z_priq_dumb_best
                0x0000e884        0xc zephyr/kernel/libkernel.a(sched.c.obj)
                0x0000e884                z_priq_dumb_best
 .text.z_thread_timeout
                0x0000e890       0x62 zephyr/kernel/libkernel.a(sched.c.obj)
                0x0000e890                z_thread_timeout
 .text.z_new_thread_init
                0x0000e8f2       0x1e zephyr/kernel/libkernel.a(thread.c.obj)
                0x0000e8f2                z_new_thread_init
 .text.z_abort_timeout
                0x0000e910       0x2c zephyr/kernel/libkernel.a(timeout.c.obj)
                0x0000e910                z_abort_timeout
 .text.z_get_next_timeout_expiry
                0x0000e93c       0x20 zephyr/kernel/libkernel.a(timeout.c.obj)
                0x0000e93c                z_get_next_timeout_expiry
 .text.z_set_timeout_expiry
                0x0000e95c       0x34 zephyr/kernel/libkernel.a(timeout.c.obj)
                0x0000e95c                z_set_timeout_expiry
 .text._OffsetAbsSyms
                0x0000e990        0x2 zephyr/CMakeFiles/offsets.dir/./arch/arm/core/offsets/offsets.c.obj
                0x0000e990                _OffsetAbsSyms
 *(SORT_BY_ALIGNMENT(.gnu.linkonce.t.*))
 *(SORT_BY_ALIGNMENT(.glue_7t))
 .glue_7t       0x0000e992        0x0 linker stubs
 *(SORT_BY_ALIGNMENT(.glue_7))
 .glue_7        0x0000e992        0x0 linker stubs
 *(SORT_BY_ALIGNMENT(.vfp11_veneer))
 .vfp11_veneer  0x0000e992        0x0 linker stubs
 *(SORT_BY_ALIGNMENT(.v4_bx))
 .v4_bx         0x0000e992        0x0 linker stubs
                0x0000e992                _image_text_end = .

.ARM.exidx      0x0000e994        0x8
                0x0000e994                __exidx_start = .
 *(SORT_BY_ALIGNMENT(.ARM.exidx*) SORT_BY_ALIGNMENT(gnu.linkonce.armexidx.*))
 .ARM.exidx     0x0000e994        0x8 c:/gnuarmemb/bin/../lib/gcc/arm-none-eabi/8.3.1/thumb/v8-m.main/nofp\libgcc.a(_udivmoddi4.o)
                0x0000e99c                __exidx_end = .
                0x0000e99c                _image_rodata_start = .

sw_isr_table    0x0000e99c      0x208
                0x0000e99c                . = ALIGN (0x0)
 *(SORT_BY_ALIGNMENT(.gnu.linkonce.sw_isr_table))
 .gnu.linkonce.sw_isr_table
                0x0000e99c      0x208 zephyr/arch/common/libarch__common.a(isr_tables.c.obj)
                0x0000e99c                _sw_isr_table

app_shmem_regions
                0x0000eba4        0x0
                0x0000eba4                __app_shmem_regions_start = .
 *(SORT_BY_NAME(SORT_BY_ALIGNMENT(.app_regions.*)))
                0x0000eba4                __app_shmem_regions_end = .

devconfig       0x0000eba4       0x6c
                0x0000eba4                __devconfig_start = .
 *(SORT_BY_ALIGNMENT(.devconfig.*))
 .devconfig.init
                0x0000eba4        0xc zephyr/libzephyr.a(soc.c.obj)
 .devconfig.init
                0x0000ebb0        0xc zephyr/libzephyr.a(uart_console.c.obj)
 .devconfig.init
                0x0000ebbc        0xc zephyr/libzephyr.a(nrf_power_clock.c.obj)
 .devconfig.init
                0x0000ebc8        0xc zephyr/libzephyr.a(sys_clock_init.c.obj)
 .devconfig.init
                0x0000ebd4        0xc zephyr/arch/arch/arm/core/aarch32/cortex_m/mpu/libarch__arm__core__aarch32__cortex_m__mpu.a(arm_mpu.c.obj)
 .devconfig.init
                0x0000ebe0        0xc zephyr/drivers/gpio/libdrivers__gpio.a(gpio_nrfx.c.obj)
 .devconfig.init
                0x0000ebec        0xc zephyr/drivers/serial/libdrivers__serial.a(uart_nrfx_uarte.c.obj)
 .devconfig.init
                0x0000ebf8        0xc modules/nrf/subsys/fw_info/lib..__nrf__subsys__fw_info.a(fw_info.c.obj)
 .devconfig.init
                0x0000ec04        0xc zephyr/kernel/libkernel.a(mempool.c.obj)
 *(SORT_BY_NAME(SORT_BY_ALIGNMENT(.devconfig*)))
                0x0000ec10                __devconfig_end = .

net_l2          0x0000ec10        0x0
                0x0000ec10                __net_l2_start = .
 *(SORT_BY_ALIGNMENT(.net_l2.init))
 *(SORT_BY_NAME(SORT_BY_ALIGNMENT(.net_l2.init*)))
                0x0000ec10                __net_l2_end = .

_bt_channels_area
                0x0000ec10        0x0
                0x0000ec10                _bt_l2cap_fixed_chan_list_start = .
 *(SORT_BY_NAME(SORT_BY_ALIGNMENT(._bt_l2cap_fixed_chan.static.*)))
                0x0000ec10                _bt_l2cap_fixed_chan_list_end = .

_bt_services_area
                0x0000ec10        0x0
                0x0000ec10                _bt_gatt_service_static_list_start = .
 *(SORT_BY_NAME(SORT_BY_ALIGNMENT(._bt_gatt_service_static.static.*)))
                0x0000ec10                _bt_gatt_service_static_list_end = .

log_const_sections
                0x0000ec10        0x0
                0x0000ec10                __log_const_start = .
 *(SORT_BY_NAME(SORT_BY_ALIGNMENT(.log_const_*)))
                0x0000ec10                __log_const_end = .

log_backends_sections
                0x0000ec10        0x0
                0x0000ec10                __log_backends_start = .
 *(SORT_BY_ALIGNMENT(._log_backend.*))
                0x0000ec10                __log_backends_end = .

shell_root_cmds_sections
                0x0000ec10        0x0
                0x0000ec10                __shell_root_cmds_start = .
 *(SORT_BY_NAME(SORT_BY_ALIGNMENT(.shell_root_cmd_*)))
                0x0000ec10                __shell_root_cmds_end = .

font_entry_sections
                0x0000ec10        0x0
                0x0000ec10                __font_entry_start = .
 *(SORT_BY_NAME(SORT_BY_ALIGNMENT(._cfb_font.*)))
                0x0000ec10                __font_entry_end = .

rodata          0x0000ec10      0x144
 *(SORT_BY_ALIGNMENT(.rodata))
 .rodata        0x0000ec10       0x18 modules/nrf/subsys/fw_info/lib..__nrf__subsys__fw_info.a(fw_info.c.obj)
 *(SORT_BY_ALIGNMENT(.rodata.*))
 .rodata.clock_control_api
                0x0000ec28       0x14 zephyr/libzephyr.a(nrf_power_clock.c.obj)
 .rodata.config
                0x0000ec3c       0x18 zephyr/libzephyr.a(nrf_power_clock.c.obj)
 .rodata.mpu_config
                0x0000ec54        0x8 zephyr/soc/arm/common/cortex_m/libsoc__arm__common__cortex_m.a(arm_mpu_regions.c.obj)
                0x0000ec54                mpu_config
 .rodata.mpu_regions
                0x0000ec5c       0x20 zephyr/soc/arm/common/cortex_m/libsoc__arm__common__cortex_m.a(arm_mpu_regions.c.obj)
 .rodata.gpio_nrfx_drv_api_funcs
                0x0000ec7c       0x1c zephyr/drivers/gpio/libdrivers__gpio.a(gpio_nrfx.c.obj)
 .rodata.gpio_nrfx_p0_cfg
                0x0000ec98        0x8 zephyr/drivers/gpio/libdrivers__gpio.a(gpio_nrfx.c.obj)
 .rodata.uart_nrfx_uarte_driver_api
                0x0000eca0       0x14 zephyr/drivers/serial/libdrivers__serial.a(uart_nrfx_uarte.c.obj)
 .rodata.uarte_0z_config
                0x0000ecb4        0x8 zephyr/drivers/serial/libdrivers__serial.a(uart_nrfx_uarte.c.obj)
 .rodata.config_levels.8419
                0x0000ecbc       0x14 zephyr/kernel/libkernel.a(device.c.obj)
 .rodata._k_neg_eagain
                0x0000ecd0        0x4 zephyr/kernel/libkernel.a(errno.c.obj)
                0x0000ecd0                _k_neg_eagain
 .rodata.main.str1.1
                0x0000ecd4        0xe app/libapp.a(main.c.obj)
 .rodata.str1.1
                0x0000ece2        0xe zephyr/libzephyr.a(soc.c.obj)
                                  0x1 (size before relaxing)
 .rodata.str1.1
                0x0000ece2        0x1 zephyr/libzephyr.a(uart_console.c.obj)
 .rodata.uart_console_init.str1.1
                0x0000ece2        0x7 zephyr/libzephyr.a(uart_console.c.obj)
 .rodata.str1.1
                0x0000ece9        0x6 zephyr/libzephyr.a(nrf_power_clock.c.obj)
 .rodata.str1.1
                0x0000ecef        0xa zephyr/libzephyr.a(sys_clock_init.c.obj)
 .rodata.z_clock_driver_init.str1.1
                0x0000ecf9        0x6 zephyr/libzephyr.a(nrf_rtc_timer.c.obj)
 .rodata.str1.1
                0x0000ecf9        0x1 zephyr/arch/arch/arm/core/aarch32/cortex_m/mpu/libarch__arm__core__aarch32__cortex_m__mpu.a(arm_mpu.c.obj)
 .rodata.str1.1
                0x0000ecf9        0xf zephyr/soc/arm/common/cortex_m/libsoc__arm__common__cortex_m.a(arm_mpu_regions.c.obj)
 .rodata.str1.1
                0x0000ed08        0x7 zephyr/drivers/gpio/libdrivers__gpio.a(gpio_nrfx.c.obj)
 .rodata.str1.1
                0x0000ed0f        0x7 zephyr/drivers/serial/libdrivers__serial.a(uart_nrfx_uarte.c.obj)
 .rodata.str1.1
                0x0000ed0f        0x1 modules/nrf/subsys/fw_info/lib..__nrf__subsys__fw_info.a(fw_info.c.obj)
 .rodata.bg_thread_main.str1.1
                0x0000ed0f       0x34 zephyr/kernel/libkernel.a(init.c.obj)
                                 0x35 (size before relaxing)
 .rodata.z_cstart.str1.1
                0x0000ed43        0xa zephyr/kernel/libkernel.a(init.c.obj)
 .rodata.str1.1
                0x0000ed4d        0x1 zephyr/kernel/libkernel.a(mempool.c.obj)
 *(SORT_BY_ALIGNMENT(.gnu.linkonce.r.*))
                0x0000ed50                . = ALIGN (0x4)
 *fill*         0x0000ed4d        0x3 
                0x0000ed50                _fw_info_images_start = .
 *(SORT_BY_ALIGNMENT(.fw_info_images))
 .fw_info_images
                0x0000ed50        0x4 modules/nrf/subsys/fw_info/lib..__nrf__subsys__fw_info.a(fw_info.c.obj)
                0x0000ed50                self_image
                0x00000001                _fw_info_images_size = ABSOLUTE (((. - _fw_info_images_start) / 0x4))
                0x0000ed54                _ext_apis_start = .
 *(SORT_BY_ALIGNMENT(.ext_apis))
                0x00000000                _ext_apis_size = ABSOLUTE ((. - _ext_apis_start))
                0x0000ed54                _ext_apis_req_start = .
 *(SORT_BY_ALIGNMENT(.ext_apis_req))
                0x00000000                _ext_apis_req_size = ABSOLUTE ((. - _ext_apis_req_start))
                0x0000ed54                . = ALIGN (0x4)
                0x0000ed54                _image_rodata_end = .
                0x0000ed60                . = ALIGN (_region_min_align)
                0x0000ed60                _image_rom_end = .
                0x20020000                . = 0x20020000
                0x20020000                . = ALIGN (_region_min_align)
                0x20020000                _image_ram_start = .

.ramfunc        0x20020000        0x0 load address 0x0000ed54
                0x20020000                . = ALIGN (_region_min_align)
                0x20020000                _ramfunc_ram_start = .
 *(SORT_BY_ALIGNMENT(.ramfunc))
 *(SORT_BY_ALIGNMENT(.ramfunc.*))
                0x20020000                . = ALIGN (_region_min_align)
                0x20020000                _ramfunc_ram_end = .
                0x00000000                _ramfunc_ram_size = (_ramfunc_ram_end - _ramfunc_ram_start)
                0x0000ed54                _ramfunc_rom_start = LOADADDR (.ramfunc)

bss             0x20020000      0x177
                0x20020000                . = ALIGN (0x4)
                0x20020000                __bss_start = .
                0x20020000                __kernel_ram_start = .
 *(SORT_BY_ALIGNMENT(.bss))
 *(SORT_BY_ALIGNMENT(.bss.*))
 .bss.curr_tick
                0x20020000        0x8 zephyr/kernel/libkernel.a(timeout.c.obj)
 .bss.uart_console_dev
                0x20020008        0x4 zephyr/libzephyr.a(uart_console.c.obj)
 .bss.data      0x2002000c       0x18 zephyr/libzephyr.a(nrf_power_clock.c.obj)
 .bss.last_count
                0x20020024        0x4 zephyr/libzephyr.a(nrf_rtc_timer.c.obj)
 .bss.dyn_reg_info
                0x20020028       0x14 zephyr/arch/arch/arm/core/aarch32/cortex_m/mpu/libarch__arm__core__aarch32__cortex_m__mpu.a(arm_mpu.c.obj)
 .bss.gpio_nrfx_p0_data
                0x2002003c       0x20 zephyr/drivers/gpio/libdrivers__gpio.a(gpio_nrfx.c.obj)
 .bss.z_idle_thread
                0x2002005c       0x6c zephyr/kernel/libkernel.a(init.c.obj)
                0x2002005c                z_idle_thread
 .bss.z_main_thread
                0x200200c8       0x6c zephyr/kernel/libkernel.a(init.c.obj)
                0x200200c8                z_main_thread
 .bss._kernel   0x20020134       0x30 zephyr/kernel/libkernel.a(sched.c.obj)
                0x20020134                _kernel
 .bss.pending_current
                0x20020164        0x4 zephyr/kernel/libkernel.a(sched.c.obj)
 .bss.slice_max_prio
                0x20020168        0x4 zephyr/kernel/libkernel.a(sched.c.obj)
 .bss.slice_time
                0x2002016c        0x4 zephyr/kernel/libkernel.a(sched.c.obj)
 .bss.announce_remaining
                0x20020170        0x4 zephyr/kernel/libkernel.a(timeout.c.obj)
 .bss.static_regions_num
                0x20020174        0x1 zephyr/arch/arch/arm/core/aarch32/cortex_m/mpu/libarch__arm__core__aarch32__cortex_m__mpu.a(arm_mpu.c.obj)
 .bss.gpio_initialized.9318
                0x20020175        0x1 zephyr/drivers/gpio/libdrivers__gpio.a(gpio_nrfx.c.obj)
 .bss.z_sys_post_kernel
                0x20020176        0x1 zephyr/kernel/libkernel.a(init.c.obj)
                0x20020176                z_sys_post_kernel
 .bss.lock      0x20020177        0x0 zephyr/kernel/libkernel.a(thread.c.obj)
 *(SORT_BY_ALIGNMENT(COMMON))
 *(SORT_BY_ALIGNMENT(.kernel_bss.*))
                0x20020178                __bss_end = ALIGN (0x4)

noinit          0x20020178      0xd40
 *(SORT_BY_ALIGNMENT(.noinit))
 *(SORT_BY_ALIGNMENT(.noinit.*))
 .noinit."ZEPHYR_BASE/kernel/init.c".3
                0x20020178      0x400 zephyr/kernel/libkernel.a(init.c.obj)
                0x20020178                z_main_stack
 .noinit."ZEPHYR_BASE/kernel/init.c".4
                0x20020578      0x140 zephyr/kernel/libkernel.a(init.c.obj)
                0x20020578                z_idle_stack
 .noinit."ZEPHYR_BASE/kernel/init.c".5
                0x200206b8      0x800 zephyr/kernel/libkernel.a(init.c.obj)
                0x200206b8                _interrupt_stack
 *(SORT_BY_ALIGNMENT(.kernel_noinit.*))

datas           0x20020eb8       0x20 load address 0x0000ed54
                0x20020eb8                __data_ram_start = .
 *(SORT_BY_ALIGNMENT(.data))
 *(SORT_BY_ALIGNMENT(.data.*))
 .data._char_out
                0x20020eb8        0x4 zephyr/libzephyr.a(printk.c.obj)
                0x20020eb8                _char_out
 .data._stdout_hook
                0x20020ebc        0x4 zephyr/lib/libc/minimal/liblib__libc__minimal.a(stdout_console.c.obj)
 .data.uarte_0_data
                0x20020ec0        0xc zephyr/drivers/serial/libdrivers__serial.a(uart_nrfx_uarte.c.obj)
 .data.SystemCoreClock
                0x20020ecc        0x4 modules/nordic/lib..__modules__hal__nordic.a(system_nrf9160.c.obj)
                0x20020ecc                SystemCoreClock
 .data.timeout_list
                0x20020ed0        0x8 zephyr/kernel/libkernel.a(timeout.c.obj)
 *(SORT_BY_ALIGNMENT(.kernel.*))
                0x0000ed54                __data_rom_start = LOADADDR (datas)

initlevel       0x20020ed8       0x6c load address 0x0000ed74
                0x20020ed8                __device_init_start = .
                0x20020ed8                __device_PRE_KERNEL_1_start = .
 *(SORT_BY_NAME(SORT_BY_ALIGNMENT(.init_PRE_KERNEL_1[0-9])))
 .init_PRE_KERNEL_10
                0x20020ed8        0xc zephyr/libzephyr.a(soc.c.obj)
 *(SORT_BY_NAME(SORT_BY_ALIGNMENT(.init_PRE_KERNEL_1[1-9][0-9])))
 .init_PRE_KERNEL_130
                0x20020ee4        0xc zephyr/kernel/libkernel.a(mempool.c.obj)
 .init_PRE_KERNEL_140
                0x20020ef0        0xc zephyr/arch/arch/arm/core/aarch32/cortex_m/mpu/libarch__arm__core__aarch32__cortex_m__mpu.a(arm_mpu.c.obj)
 .init_PRE_KERNEL_150
                0x20020efc        0xc zephyr/libzephyr.a(nrf_power_clock.c.obj)
 .init_PRE_KERNEL_150
                0x20020f08        0xc zephyr/drivers/serial/libdrivers__serial.a(uart_nrfx_uarte.c.obj)
 .init_PRE_KERNEL_160
                0x20020f14        0xc zephyr/libzephyr.a(uart_console.c.obj)
                0x20020f20                __device_PRE_KERNEL_2_start = .
 *(SORT_BY_NAME(SORT_BY_ALIGNMENT(.init_PRE_KERNEL_2[0-9])))
 .init_PRE_KERNEL_20
                0x20020f20        0xc zephyr/libzephyr.a(sys_clock_init.c.obj)
 *(SORT_BY_NAME(SORT_BY_ALIGNMENT(.init_PRE_KERNEL_2[1-9][0-9])))
                0x20020f2c                __device_POST_KERNEL_start = .
 *(SORT_BY_NAME(SORT_BY_ALIGNMENT(.init_POST_KERNEL[0-9])))
 *(SORT_BY_NAME(SORT_BY_ALIGNMENT(.init_POST_KERNEL[1-9][0-9])))
 .init_POST_KERNEL40
                0x20020f2c        0xc zephyr/drivers/gpio/libdrivers__gpio.a(gpio_nrfx.c.obj)
 .init_POST_KERNEL90
                0x20020f38        0xc modules/nrf/subsys/fw_info/lib..__nrf__subsys__fw_info.a(fw_info.c.obj)
                0x20020f44                __device_APPLICATION_start = .
 *(SORT_BY_NAME(SORT_BY_ALIGNMENT(.init_APPLICATION[0-9])))
 *(SORT_BY_NAME(SORT_BY_ALIGNMENT(.init_APPLICATION[1-9][0-9])))
                0x20020f44                __device_init_end = .

initlevel_error
                0x20020ed8        0x0
 *(SORT_BY_NAME(SORT_BY_ALIGNMENT(.init_[_A-Z0-9]*)))
                0x00000001                ASSERT ((SIZEOF (initlevel_error) == 0x0), Undefined initialization levels used.)

initshell       0x20020f44        0x0 load address 0x0000ede0
                0x20020f44                __shell_module_start = .
 *(SORT_BY_ALIGNMENT(.shell_module_*))
                0x20020f44                __shell_module_end = .
                0x20020f44                __shell_cmd_start = .
 *(SORT_BY_ALIGNMENT(.shell_cmd_*))
                0x20020f44                __shell_cmd_end = .

log_dynamic_sections
                0x20020f44        0x0 load address 0x0000ede0
                0x20020f44                __log_dynamic_start = .
 *(SORT_BY_NAME(SORT_BY_ALIGNMENT(.log_dynamic_*)))
                0x20020f44                __log_dynamic_end = .

_static_thread_area
                0x20020f44        0x0 load address 0x0000ede0
                0x20020f44                __static_thread_data_list_start = .
 *(SORT_BY_NAME(SORT_BY_ALIGNMENT(.__static_thread_data.static.*)))
                0x20020f44                __static_thread_data_list_end = .

_k_timer_area   0x20020f44        0x0 load address 0x0000ede0
                0x20020f44                _k_timer_list_start = .
 *(SORT_BY_ALIGNMENT(._k_timer.static.*))
                0x20020f44                _k_timer_list_end = .

_k_mem_slab_area
                0x20020f44        0x0 load address 0x0000ede0
                0x20020f44                _k_mem_slab_list_start = .
 *(SORT_BY_ALIGNMENT(._k_mem_slab.static.*))
                0x20020f44                _k_mem_slab_list_end = .

_k_mem_pool_area
                0x20020f44        0x0 load address 0x0000ede0
                0x20020f44                _k_mem_pool_list_start = .
 *(SORT_BY_ALIGNMENT(._k_mem_pool.static.*))
                0x20020f44                _k_mem_pool_list_end = .

_k_sem_area     0x20020f44        0x0 load address 0x0000ede0
                0x20020f44                _k_sem_list_start = .
 *(SORT_BY_ALIGNMENT(._k_sem.static.*))
 *(SORT_BY_ALIGNMENT(._sys_sem.static.*))
                0x20020f44                _k_sem_list_end = .

_k_mutex_area   0x20020f44       0x14 load address 0x0000ede0
                0x20020f44                _k_mutex_list_start = .
 *(SORT_BY_ALIGNMENT(._k_mutex.static.*))
 ._k_mutex.static.fdtable_lock
                0x20020f44       0x14 zephyr/libzephyr.a(fdtable.c.obj)
                0x20020f58                _k_mutex_list_end = .

_k_queue_area   0x20020f58        0x0 load address 0x0000edf4
                0x20020f58                _k_queue_list_start = .
 *(SORT_BY_ALIGNMENT(._k_queue.static.*))
 *(SORT_BY_ALIGNMENT(._k_fifo.static.*))
 *(SORT_BY_ALIGNMENT(._k_lifo.static.*))
                0x20020f58                _k_queue_list_end = .

_k_stack_area   0x20020f58        0x0 load address 0x0000edf4
                0x20020f58                _k_stack_list_start = .
 *(SORT_BY_ALIGNMENT(._k_stack.static.*))
                0x20020f58                _k_stack_list_end = .

_k_msgq_area    0x20020f58        0x0 load address 0x0000edf4
                0x20020f58                _k_msgq_list_start = .
 *(SORT_BY_ALIGNMENT(._k_msgq.static.*))
                0x20020f58                _k_msgq_list_end = .

_k_mbox_area    0x20020f58        0x0 load address 0x0000edf4
                0x20020f58                _k_mbox_list_start = .
 *(SORT_BY_ALIGNMENT(._k_mbox.static.*))
                0x20020f58                _k_mbox_list_end = .

_k_pipe_area    0x20020f58        0x0 load address 0x0000edf4
                0x20020f58                _k_pipe_list_start = .
 *(SORT_BY_ALIGNMENT(._k_pipe.static.*))
                0x20020f58                _k_pipe_list_end = .

_net_buf_pool_area
                0x20020f58        0x0 load address 0x0000edf4
                0x20020f58                _net_buf_pool_list = .
 *(SORT_BY_NAME(SORT_BY_ALIGNMENT(._net_buf_pool.static.*)))

net_if          0x20020f58        0x0 load address 0x0000edf4
                0x20020f58                __net_if_start = .
 *(SORT_BY_ALIGNMENT(.net_if.*))
 *(SORT_BY_NAME(SORT_BY_ALIGNMENT(.net_if.*)))
                0x20020f58                __net_if_end = .

net_if_dev      0x20020f58        0x0 load address 0x0000edf4
                0x20020f58                __net_if_dev_start = .
 *(SORT_BY_ALIGNMENT(.net_if_dev.*))
 *(SORT_BY_NAME(SORT_BY_ALIGNMENT(.net_if_dev.*)))
                0x20020f58                __net_if_dev_end = .

net_l2_data     0x20020f58        0x0 load address 0x0000edf4
                0x20020f58                __net_l2_data_start = .
 *(SORT_BY_ALIGNMENT(.net_l2.data))
 *(SORT_BY_NAME(SORT_BY_ALIGNMENT(.net_l2.data*)))
                0x20020f58                __net_l2_data_end = .

priv_stacks_noinit
                0x20020f58        0x0 load address 0x0000edf4
                0x20020f58                z_priv_stacks_ram_start = .
 *(SORT_BY_ALIGNMENT(.priv_stacks.noinit))
                0x20020f58                z_priv_stacks_ram_end = .
                0x20020f58                __data_ram_end = .
                0x20020f58                _image_ram_end = .
                0x20020f58                _end = .
                0x20040000                __kernel_ram_end = 0x20040000
                0x00020000                __kernel_ram_size = (__kernel_ram_end - __kernel_ram_start)

.intList        0x20040000       0x38
 *(SORT_BY_ALIGNMENT(.irq_info))
 .irq_info      0x20040000        0x8 zephyr/arch/common/libarch__common.a(isr_tables.c.obj)
                0x20040000                _iheader
 *(SORT_BY_ALIGNMENT(.intList))
 .intList       0x20040008       0x10 zephyr/libzephyr.a(nrf_power_clock.c.obj)
 .intList       0x20040018       0x10 zephyr/libzephyr.a(nrf_rtc_timer.c.obj)
 .intList       0x20040028       0x10 zephyr/drivers/gpio/libdrivers__gpio.a(gpio_nrfx.c.obj)

.stab
 *(SORT_BY_ALIGNMENT(.stab))

.stabstr
 *(SORT_BY_ALIGNMENT(.stabstr))

.stab.excl
 *(SORT_BY_ALIGNMENT(.stab.excl))

.stab.exclstr
 *(SORT_BY_ALIGNMENT(.stab.exclstr))

.stab.index
 *(SORT_BY_ALIGNMENT(.stab.index))

.stab.indexstr
 *(SORT_BY_ALIGNMENT(.stab.indexstr))

.gnu.build.attributes
 *(SORT_BY_ALIGNMENT(.gnu.build.attributes) SORT_BY_ALIGNMENT(.gnu.build.attributes.*))

.comment        0x00000000       0x76
 *(SORT_BY_ALIGNMENT(.comment))
 .comment       0x00000000       0x76 app/libapp.a(main.c.obj)
                                 0x77 (size before relaxing)
 .comment       0x00000076       0x77 zephyr/libzephyr.a(fdtable.c.obj)
 .comment       0x00000076       0x77 zephyr/libzephyr.a(mempool.c.obj)
 .comment       0x00000076       0x77 zephyr/libzephyr.a(printk.c.obj)
 .comment       0x00000076       0x77 zephyr/libzephyr.a(thread_entry.c.obj)
 .comment       0x00000076       0x77 zephyr/libzephyr.a(configs.c.obj)
 .comment       0x00000076       0x77 zephyr/libzephyr.a(soc.c.obj)
 .comment       0x00000076       0x77 zephyr/libzephyr.a(uart_console.c.obj)
 .comment       0x00000076       0x77 zephyr/libzephyr.a(nrf_power_clock.c.obj)
 .comment       0x00000076       0x77 zephyr/libzephyr.a(sys_clock_init.c.obj)
 .comment       0x00000076       0x77 zephyr/libzephyr.a(nrf_rtc_timer.c.obj)
 .comment       0x00000076       0x77 zephyr/arch/common/libarch__common.a(isr_tables.c.obj)
 .comment       0x00000076       0x77 zephyr/arch/arch/arm/core/aarch32/libarch__arm__core__aarch32.a(swap.c.obj)
 .comment       0x00000076       0x77 zephyr/arch/arch/arm/core/aarch32/libarch__arm__core__aarch32.a(irq_manage.c.obj)
 .comment       0x00000076       0x77 zephyr/arch/arch/arm/core/aarch32/libarch__arm__core__aarch32.a(thread.c.obj)
 .comment       0x00000076       0x77 zephyr/arch/arch/arm/core/aarch32/libarch__arm__core__aarch32.a(fatal.c.obj)
 .comment       0x00000076       0x77 zephyr/arch/arch/arm/core/aarch32/libarch__arm__core__aarch32.a(nmi.c.obj)
 .comment       0x00000076       0x77 zephyr/arch/arch/arm/core/aarch32/libarch__arm__core__aarch32.a(prep_c.c.obj)
 .comment       0x00000076       0x77 zephyr/arch/arch/arm/core/aarch32/cortex_m/libarch__arm__core__aarch32__cortex_m.a(fault.c.obj)
 .comment       0x00000076       0x77 zephyr/arch/arch/arm/core/aarch32/cortex_m/libarch__arm__core__aarch32__cortex_m.a(scb.c.obj)
 .comment       0x00000076       0x77 zephyr/arch/arch/arm/core/aarch32/cortex_m/libarch__arm__core__aarch32__cortex_m.a(irq_init.c.obj)
 .comment       0x00000076       0x77 zephyr/arch/arch/arm/core/aarch32/cortex_m/libarch__arm__core__aarch32__cortex_m.a(thread_abort.c.obj)
 .comment       0x00000076       0x77 zephyr/arch/arch/arm/core/aarch32/cortex_m/mpu/libarch__arm__core__aarch32__cortex_m__mpu.a(arm_core_mpu.c.obj)
 .comment       0x00000076       0x77 zephyr/arch/arch/arm/core/aarch32/cortex_m/mpu/libarch__arm__core__aarch32__cortex_m__mpu.a(arm_mpu.c.obj)
 .comment       0x00000076       0x77 zephyr/arch/arch/arm/core/aarch32/cortex_m/cmse/libarch__arm__core__aarch32__cortex_m__cmse.a(arm_core_cmse.c.obj)
 .comment       0x00000076       0x77 zephyr/lib/libc/minimal/liblib__libc__minimal.a(string.c.obj)
 .comment       0x00000076       0x77 zephyr/lib/libc/minimal/liblib__libc__minimal.a(stdout_console.c.obj)
 .comment       0x00000076       0x77 zephyr/soc/arm/common/cortex_m/libsoc__arm__common__cortex_m.a(arm_mpu_regions.c.obj)
 .comment       0x00000076       0x77 zephyr/drivers/gpio/libdrivers__gpio.a(gpio_nrfx.c.obj)
 .comment       0x00000076       0x77 zephyr/drivers/serial/libdrivers__serial.a(uart_nrfx_uarte.c.obj)
 .comment       0x00000076       0x77 modules/nrf/lib/fatal_error/lib..__nrf__lib__fatal_error.a(fatal_error.c.obj)
 .comment       0x00000076       0x77 modules/nrf/subsys/fw_info/lib..__nrf__subsys__fw_info.a(fw_info.c.obj)
 .comment       0x00000076       0x77 modules/nordic/lib..__modules__hal__nordic.a(system_nrf9160.c.obj)
 .comment       0x00000076       0x77 zephyr/kernel/libkernel.a(device.c.obj)
 .comment       0x00000076       0x77 zephyr/kernel/libkernel.a(errno.c.obj)
 .comment       0x00000076       0x77 zephyr/kernel/libkernel.a(fatal.c.obj)
 .comment       0x00000076       0x77 zephyr/kernel/libkernel.a(idle.c.obj)
 .comment       0x00000076       0x77 zephyr/kernel/libkernel.a(init.c.obj)
 .comment       0x00000076       0x77 zephyr/kernel/libkernel.a(sched.c.obj)
 .comment       0x00000076       0x77 zephyr/kernel/libkernel.a(thread.c.obj)
 .comment       0x00000076       0x77 zephyr/kernel/libkernel.a(timeout.c.obj)
 .comment       0x00000076       0x77 zephyr/kernel/libkernel.a(mempool.c.obj)
 .comment       0x00000076       0x77 zephyr/CMakeFiles/offsets.dir/./arch/arm/core/offsets/offsets.c.obj

.debug
 *(SORT_BY_ALIGNMENT(.debug))

.line
 *(SORT_BY_ALIGNMENT(.line))

.debug_srcinfo
 *(SORT_BY_ALIGNMENT(.debug_srcinfo))

.debug_sfnames
 *(SORT_BY_ALIGNMENT(.debug_sfnames))

.debug_aranges  0x00000000      0xc90
 *(SORT_BY_ALIGNMENT(.debug_aranges))
 .debug_aranges
                0x00000000       0x20 zephyr/arch/arch/arm/core/aarch32/libarch__arm__core__aarch32.a(exc_exit.S.obj)
 .debug_aranges
                0x00000020       0x28 zephyr/arch/arch/arm/core/aarch32/libarch__arm__core__aarch32.a(swap_helper.S.obj)
 .debug_aranges
                0x00000048       0x30 zephyr/arch/arch/arm/core/aarch32/libarch__arm__core__aarch32.a(cpu_idle.S.obj)
 .debug_aranges
                0x00000078       0x20 zephyr/arch/arch/arm/core/aarch32/libarch__arm__core__aarch32.a(fault_s.S.obj)
 .debug_aranges
                0x00000098       0x20 zephyr/arch/arch/arm/core/aarch32/libarch__arm__core__aarch32.a(nmi_on_reset.S.obj)
 .debug_aranges
                0x000000b8       0x20 zephyr/arch/arch/arm/core/aarch32/libarch__arm__core__aarch32.a(isr_wrapper.S.obj)
 .debug_aranges
                0x000000d8       0x20 zephyr/arch/arch/arm/core/aarch32/cortex_m/libarch__arm__core__aarch32__cortex_m.a(reset.S.obj)
 .debug_aranges
                0x000000f8       0x20 app/libapp.a(main.c.obj)
 .debug_aranges
                0x00000118       0x50 zephyr/libzephyr.a(fdtable.c.obj)
 .debug_aranges
                0x00000168       0x68 zephyr/libzephyr.a(mempool.c.obj)
 .debug_aranges
                0x000001d0       0x80 zephyr/libzephyr.a(printk.c.obj)
 .debug_aranges
                0x00000250       0x20 zephyr/libzephyr.a(thread_entry.c.obj)
 .debug_aranges
                0x00000270       0x20 zephyr/libzephyr.a(configs.c.obj)
 .debug_aranges
                0x00000290       0x30 zephyr/libzephyr.a(soc.c.obj)
 .debug_aranges
                0x000002c0       0x30 zephyr/libzephyr.a(uart_console.c.obj)
 .debug_aranges
                0x000002f0       0x50 zephyr/libzephyr.a(nrf_power_clock.c.obj)
 .debug_aranges
                0x00000340       0x40 zephyr/libzephyr.a(sys_clock_init.c.obj)
 .debug_aranges
                0x00000380       0x40 zephyr/libzephyr.a(nrf_rtc_timer.c.obj)
 .debug_aranges
                0x000003c0       0x18 zephyr/arch/common/libarch__common.a(isr_tables.c.obj)
 .debug_aranges
                0x000003d8       0x20 zephyr/arch/arch/arm/core/aarch32/libarch__arm__core__aarch32.a(swap.c.obj)
 .debug_aranges
                0x000003f8       0x48 zephyr/arch/arch/arm/core/aarch32/libarch__arm__core__aarch32.a(irq_manage.c.obj)
 .debug_aranges
                0x00000440       0x28 zephyr/arch/arch/arm/core/aarch32/libarch__arm__core__aarch32.a(thread.c.obj)
 .debug_aranges
                0x00000468       0x30 zephyr/arch/arch/arm/core/aarch32/libarch__arm__core__aarch32.a(fatal.c.obj)
 .debug_aranges
                0x00000498       0x20 zephyr/arch/arch/arm/core/aarch32/libarch__arm__core__aarch32.a(nmi.c.obj)
 .debug_aranges
                0x000004b8       0x20 zephyr/arch/arch/arm/core/aarch32/libarch__arm__core__aarch32.a(prep_c.c.obj)
 .debug_aranges
                0x000004d8       0x40 zephyr/arch/arch/arm/core/aarch32/cortex_m/libarch__arm__core__aarch32__cortex_m.a(fault.c.obj)
 .debug_aranges
                0x00000518       0x20 zephyr/arch/arch/arm/core/aarch32/cortex_m/libarch__arm__core__aarch32__cortex_m.a(scb.c.obj)
 .debug_aranges
                0x00000538       0x20 zephyr/arch/arch/arm/core/aarch32/cortex_m/libarch__arm__core__aarch32__cortex_m.a(irq_init.c.obj)
 .debug_aranges
                0x00000558       0x20 zephyr/arch/arch/arm/core/aarch32/cortex_m/libarch__arm__core__aarch32__cortex_m.a(thread_abort.c.obj)
 .debug_aranges
                0x00000578       0x28 zephyr/arch/arch/arm/core/aarch32/cortex_m/mpu/libarch__arm__core__aarch32__cortex_m__mpu.a(arm_core_mpu.c.obj)
 .debug_aranges
                0x000005a0       0x60 zephyr/arch/arch/arm/core/aarch32/cortex_m/mpu/libarch__arm__core__aarch32__cortex_m__mpu.a(arm_mpu.c.obj)
 .debug_aranges
                0x00000600       0x40 zephyr/arch/arch/arm/core/aarch32/cortex_m/cmse/libarch__arm__core__aarch32__cortex_m__cmse.a(arm_core_cmse.c.obj)
 .debug_aranges
                0x00000640       0x90 zephyr/lib/libc/minimal/liblib__libc__minimal.a(string.c.obj)
 .debug_aranges
                0x000006d0       0x58 zephyr/lib/libc/minimal/liblib__libc__minimal.a(stdout_console.c.obj)
 .debug_aranges
                0x00000728       0x18 zephyr/soc/arm/common/cortex_m/libsoc__arm__common__cortex_m.a(arm_mpu_regions.c.obj)
 .debug_aranges
                0x00000740       0x60 zephyr/drivers/gpio/libdrivers__gpio.a(gpio_nrfx.c.obj)
 .debug_aranges
                0x000007a0       0x48 zephyr/drivers/serial/libdrivers__serial.a(uart_nrfx_uarte.c.obj)
 .debug_aranges
                0x000007e8       0x20 modules/nrf/lib/fatal_error/lib..__nrf__lib__fatal_error.a(fatal_error.c.obj)
 .debug_aranges
                0x00000808       0x30 modules/nrf/subsys/fw_info/lib..__nrf__subsys__fw_info.a(fw_info.c.obj)
 .debug_aranges
                0x00000838       0x20 modules/nordic/lib..__modules__hal__nordic.a(system_nrf9160.c.obj)
 .debug_aranges
                0x00000858       0x30 zephyr/kernel/libkernel.a(device.c.obj)
 .debug_aranges
                0x00000888       0x20 zephyr/kernel/libkernel.a(errno.c.obj)
 .debug_aranges
                0x000008a8       0x38 zephyr/kernel/libkernel.a(fatal.c.obj)
 .debug_aranges
                0x000008e0       0x28 zephyr/kernel/libkernel.a(idle.c.obj)
 .debug_aranges
                0x00000908       0x48 zephyr/kernel/libkernel.a(init.c.obj)
 .debug_aranges
                0x00000950      0x198 zephyr/kernel/libkernel.a(sched.c.obj)
 .debug_aranges
                0x00000ae8       0xc0 zephyr/kernel/libkernel.a(thread.c.obj)
 .debug_aranges
                0x00000ba8       0x78 zephyr/kernel/libkernel.a(timeout.c.obj)
 .debug_aranges
                0x00000c20       0x50 zephyr/kernel/libkernel.a(mempool.c.obj)
 .debug_aranges
                0x00000c70       0x20 zephyr/CMakeFiles/offsets.dir/./arch/arm/core/offsets/offsets.c.obj

.debug_pubnames
 *(SORT_BY_ALIGNMENT(.debug_pubnames))

.debug_info     0x00000000    0x3069f
 *(SORT_BY_ALIGNMENT(.debug_info) SORT_BY_ALIGNMENT(.gnu.linkonce.wi.*))
 .debug_info    0x00000000      0x8de app/libapp.a(main.c.obj)
 .debug_info    0x000008de      0xefd zephyr/libzephyr.a(fdtable.c.obj)
 .debug_info    0x000017db     0x1cc2 zephyr/libzephyr.a(mempool.c.obj)
 .debug_info    0x0000349d     0x139b zephyr/libzephyr.a(printk.c.obj)
 .debug_info    0x00004838      0x9f0 zephyr/libzephyr.a(thread_entry.c.obj)
 .debug_info    0x00005228       0x38 zephyr/libzephyr.a(configs.c.obj)
 .debug_info    0x00005260      0xe48 zephyr/libzephyr.a(soc.c.obj)
 .debug_info    0x000060a8      0xd98 zephyr/libzephyr.a(uart_console.c.obj)
 .debug_info    0x00006e40     0x23cc zephyr/libzephyr.a(nrf_power_clock.c.obj)
 .debug_info    0x0000920c      0xb10 zephyr/libzephyr.a(sys_clock_init.c.obj)
 .debug_info    0x00009d1c     0x1e56 zephyr/libzephyr.a(nrf_rtc_timer.c.obj)
 .debug_info    0x0000bb72      0x240 zephyr/arch/common/libarch__common.a(isr_tables.c.obj)
 .debug_info    0x0000bdb2       0x26 zephyr/arch/arch/arm/core/aarch32/libarch__arm__core__aarch32.a(exc_exit.S.obj)
 .debug_info    0x0000bdd8       0x22 zephyr/arch/arch/arm/core/aarch32/libarch__arm__core__aarch32.a(swap_helper.S.obj)
 .debug_info    0x0000bdfa       0x22 zephyr/arch/arch/arm/core/aarch32/libarch__arm__core__aarch32.a(cpu_idle.S.obj)
 .debug_info    0x0000be1c       0x26 zephyr/arch/arch/arm/core/aarch32/libarch__arm__core__aarch32.a(fault_s.S.obj)
 .debug_info    0x0000be42       0x26 zephyr/arch/arch/arm/core/aarch32/libarch__arm__core__aarch32.a(nmi_on_reset.S.obj)
 .debug_info    0x0000be68       0x26 zephyr/arch/arch/arm/core/aarch32/libarch__arm__core__aarch32.a(isr_wrapper.S.obj)
 .debug_info    0x0000be8e      0xcd3 zephyr/arch/arch/arm/core/aarch32/libarch__arm__core__aarch32.a(swap.c.obj)
 .debug_info    0x0000cb61     0x1094 zephyr/arch/arch/arm/core/aarch32/libarch__arm__core__aarch32.a(irq_manage.c.obj)
 .debug_info    0x0000dbf5      0xcd8 zephyr/arch/arch/arm/core/aarch32/libarch__arm__core__aarch32.a(thread.c.obj)
 .debug_info    0x0000e8cd      0xe18 zephyr/arch/arch/arm/core/aarch32/libarch__arm__core__aarch32.a(fatal.c.obj)
 .debug_info    0x0000f6e5      0x8e9 zephyr/arch/arch/arm/core/aarch32/libarch__arm__core__aarch32.a(nmi.c.obj)
 .debug_info    0x0000ffce      0xeba zephyr/arch/arch/arm/core/aarch32/libarch__arm__core__aarch32.a(prep_c.c.obj)
 .debug_info    0x00010e88       0x26 zephyr/arch/arch/arm/core/aarch32/cortex_m/libarch__arm__core__aarch32__cortex_m.a(reset.S.obj)
 .debug_info    0x00010eae     0x1957 zephyr/arch/arch/arm/core/aarch32/cortex_m/libarch__arm__core__aarch32__cortex_m.a(fault.c.obj)
 .debug_info    0x00012805      0xc46 zephyr/arch/arch/arm/core/aarch32/cortex_m/libarch__arm__core__aarch32__cortex_m.a(scb.c.obj)
 .debug_info    0x0001344b      0x7d6 zephyr/arch/arch/arm/core/aarch32/cortex_m/libarch__arm__core__aarch32__cortex_m.a(irq_init.c.obj)
 .debug_info    0x00013c21      0xdaf zephyr/arch/arch/arm/core/aarch32/cortex_m/libarch__arm__core__aarch32__cortex_m.a(thread_abort.c.obj)
 .debug_info    0x000149d0      0xce5 zephyr/arch/arch/arm/core/aarch32/cortex_m/mpu/libarch__arm__core__aarch32__cortex_m__mpu.a(arm_core_mpu.c.obj)
 .debug_info    0x000156b5     0x1d40 zephyr/arch/arch/arm/core/aarch32/cortex_m/mpu/libarch__arm__core__aarch32__cortex_m__mpu.a(arm_mpu.c.obj)
 .debug_info    0x000173f5      0xe21 zephyr/arch/arch/arm/core/aarch32/cortex_m/cmse/libarch__arm__core__aarch32__cortex_m__cmse.a(arm_core_cmse.c.obj)
 .debug_info    0x00018216      0x70f zephyr/lib/libc/minimal/liblib__libc__minimal.a(string.c.obj)
 .debug_info    0x00018925      0x699 zephyr/lib/libc/minimal/liblib__libc__minimal.a(stdout_console.c.obj)
 .debug_info    0x00018fbe      0x20b zephyr/soc/arm/common/cortex_m/libsoc__arm__common__cortex_m.a(arm_mpu_regions.c.obj)
 .debug_info    0x000191c9     0x2f20 zephyr/drivers/gpio/libdrivers__gpio.a(gpio_nrfx.c.obj)
 .debug_info    0x0001c0e9     0x275a zephyr/drivers/serial/libdrivers__serial.a(uart_nrfx_uarte.c.obj)
 .debug_info    0x0001e843     0x10dd modules/nrf/lib/fatal_error/lib..__nrf__lib__fatal_error.a(fatal_error.c.obj)
 .debug_info    0x0001f920     0x11f8 modules/nrf/subsys/fw_info/lib..__nrf__subsys__fw_info.a(fw_info.c.obj)
 .debug_info    0x00020b18       0xe5 modules/nordic/lib..__modules__hal__nordic.a(system_nrf9160.c.obj)
 .debug_info    0x00020bfd      0xafc zephyr/kernel/libkernel.a(device.c.obj)
 .debug_info    0x000216f9      0x945 zephyr/kernel/libkernel.a(errno.c.obj)
 .debug_info    0x0002203e     0x13d1 zephyr/kernel/libkernel.a(fatal.c.obj)
 .debug_info    0x0002340f      0xb0c zephyr/kernel/libkernel.a(idle.c.obj)
 .debug_info    0x00023f1b     0x1fe3 zephyr/kernel/libkernel.a(init.c.obj)
 .debug_info    0x00025efe     0x5080 zephyr/kernel/libkernel.a(sched.c.obj)
 .debug_info    0x0002af7e     0x1ea7 zephyr/kernel/libkernel.a(thread.c.obj)
 .debug_info    0x0002ce25     0x1ca4 zephyr/kernel/libkernel.a(timeout.c.obj)
 .debug_info    0x0002eac9     0x12e1 zephyr/kernel/libkernel.a(mempool.c.obj)
 .debug_info    0x0002fdaa      0x8f5 zephyr/CMakeFiles/offsets.dir/./arch/arm/core/offsets/offsets.c.obj

.debug_abbrev   0x00000000     0x8de3
 *(SORT_BY_ALIGNMENT(.debug_abbrev))
 .debug_abbrev  0x00000000      0x1d9 app/libapp.a(main.c.obj)
 .debug_abbrev  0x000001d9      0x408 zephyr/libzephyr.a(fdtable.c.obj)
 .debug_abbrev  0x000005e1      0x557 zephyr/libzephyr.a(mempool.c.obj)
 .debug_abbrev  0x00000b38      0x513 zephyr/libzephyr.a(printk.c.obj)
 .debug_abbrev  0x0000104b      0x275 zephyr/libzephyr.a(thread_entry.c.obj)
 .debug_abbrev  0x000012c0       0x2e zephyr/libzephyr.a(configs.c.obj)
 .debug_abbrev  0x000012ee      0x376 zephyr/libzephyr.a(soc.c.obj)
 .debug_abbrev  0x00001664      0x3b4 zephyr/libzephyr.a(uart_console.c.obj)
 .debug_abbrev  0x00001a18      0x5d0 zephyr/libzephyr.a(nrf_power_clock.c.obj)
 .debug_abbrev  0x00001fe8      0x287 zephyr/libzephyr.a(sys_clock_init.c.obj)
 .debug_abbrev  0x0000226f      0x4ba zephyr/libzephyr.a(nrf_rtc_timer.c.obj)
 .debug_abbrev  0x00002729      0x10c zephyr/arch/common/libarch__common.a(isr_tables.c.obj)
 .debug_abbrev  0x00002835       0x14 zephyr/arch/arch/arm/core/aarch32/libarch__arm__core__aarch32.a(exc_exit.S.obj)
 .debug_abbrev  0x00002849       0x12 zephyr/arch/arch/arm/core/aarch32/libarch__arm__core__aarch32.a(swap_helper.S.obj)
 .debug_abbrev  0x0000285b       0x12 zephyr/arch/arch/arm/core/aarch32/libarch__arm__core__aarch32.a(cpu_idle.S.obj)
 .debug_abbrev  0x0000286d       0x14 zephyr/arch/arch/arm/core/aarch32/libarch__arm__core__aarch32.a(fault_s.S.obj)
 .debug_abbrev  0x00002881       0x14 zephyr/arch/arch/arm/core/aarch32/libarch__arm__core__aarch32.a(nmi_on_reset.S.obj)
 .debug_abbrev  0x00002895       0x14 zephyr/arch/arch/arm/core/aarch32/libarch__arm__core__aarch32.a(isr_wrapper.S.obj)
 .debug_abbrev  0x000028a9      0x263 zephyr/arch/arch/arm/core/aarch32/libarch__arm__core__aarch32.a(swap.c.obj)
 .debug_abbrev  0x00002b0c      0x35d zephyr/arch/arch/arm/core/aarch32/libarch__arm__core__aarch32.a(irq_manage.c.obj)
 .debug_abbrev  0x00002e69      0x2b0 zephyr/arch/arch/arm/core/aarch32/libarch__arm__core__aarch32.a(thread.c.obj)
 .debug_abbrev  0x00003119      0x376 zephyr/arch/arch/arm/core/aarch32/libarch__arm__core__aarch32.a(fatal.c.obj)
 .debug_abbrev  0x0000348f      0x1d8 zephyr/arch/arch/arm/core/aarch32/libarch__arm__core__aarch32.a(nmi.c.obj)
 .debug_abbrev  0x00003667      0x277 zephyr/arch/arch/arm/core/aarch32/libarch__arm__core__aarch32.a(prep_c.c.obj)
 .debug_abbrev  0x000038de       0x14 zephyr/arch/arch/arm/core/aarch32/cortex_m/libarch__arm__core__aarch32__cortex_m.a(reset.S.obj)
 .debug_abbrev  0x000038f2      0x458 zephyr/arch/arch/arm/core/aarch32/cortex_m/libarch__arm__core__aarch32__cortex_m.a(fault.c.obj)
 .debug_abbrev  0x00003d4a      0x24e zephyr/arch/arch/arm/core/aarch32/cortex_m/libarch__arm__core__aarch32__cortex_m.a(scb.c.obj)
 .debug_abbrev  0x00003f98      0x1ee zephyr/arch/arch/arm/core/aarch32/cortex_m/libarch__arm__core__aarch32__cortex_m.a(irq_init.c.obj)
 .debug_abbrev  0x00004186      0x308 zephyr/arch/arch/arm/core/aarch32/cortex_m/libarch__arm__core__aarch32__cortex_m.a(thread_abort.c.obj)
 .debug_abbrev  0x0000448e      0x220 zephyr/arch/arch/arm/core/aarch32/cortex_m/mpu/libarch__arm__core__aarch32__cortex_m__mpu.a(arm_core_mpu.c.obj)
 .debug_abbrev  0x000046ae      0x55a zephyr/arch/arch/arm/core/aarch32/cortex_m/mpu/libarch__arm__core__aarch32__cortex_m__mpu.a(arm_mpu.c.obj)
 .debug_abbrev  0x00004c08      0x2ae zephyr/arch/arch/arm/core/aarch32/cortex_m/cmse/libarch__arm__core__aarch32__cortex_m__cmse.a(arm_core_cmse.c.obj)
 .debug_abbrev  0x00004eb6      0x1a4 zephyr/lib/libc/minimal/liblib__libc__minimal.a(string.c.obj)
 .debug_abbrev  0x0000505a      0x25e zephyr/lib/libc/minimal/liblib__libc__minimal.a(stdout_console.c.obj)
 .debug_abbrev  0x000052b8      0x10a zephyr/soc/arm/common/cortex_m/libsoc__arm__common__cortex_m.a(arm_mpu_regions.c.obj)
 .debug_abbrev  0x000053c2      0x5a7 zephyr/drivers/gpio/libdrivers__gpio.a(gpio_nrfx.c.obj)
 .debug_abbrev  0x00005969      0x44c zephyr/drivers/serial/libdrivers__serial.a(uart_nrfx_uarte.c.obj)
 .debug_abbrev  0x00005db5      0x2a2 modules/nrf/lib/fatal_error/lib..__nrf__lib__fatal_error.a(fatal_error.c.obj)
 .debug_abbrev  0x00006057      0x440 modules/nrf/subsys/fw_info/lib..__nrf__subsys__fw_info.a(fw_info.c.obj)
 .debug_abbrev  0x00006497       0xba modules/nordic/lib..__modules__hal__nordic.a(system_nrf9160.c.obj)
 .debug_abbrev  0x00006551      0x2c1 zephyr/kernel/libkernel.a(device.c.obj)
 .debug_abbrev  0x00006812      0x1dd zephyr/kernel/libkernel.a(errno.c.obj)
 .debug_abbrev  0x000069ef      0x3ca zephyr/kernel/libkernel.a(fatal.c.obj)
 .debug_abbrev  0x00006db9      0x309 zephyr/kernel/libkernel.a(idle.c.obj)
 .debug_abbrev  0x000070c2      0x5e3 zephyr/kernel/libkernel.a(init.c.obj)
 .debug_abbrev  0x000076a5      0x694 zephyr/kernel/libkernel.a(sched.c.obj)
 .debug_abbrev  0x00007d39      0x609 zephyr/kernel/libkernel.a(thread.c.obj)
 .debug_abbrev  0x00008342      0x49f zephyr/kernel/libkernel.a(timeout.c.obj)
 .debug_abbrev  0x000087e1      0x439 zephyr/kernel/libkernel.a(mempool.c.obj)
 .debug_abbrev  0x00008c1a      0x1c9 zephyr/CMakeFiles/offsets.dir/./arch/arm/core/offsets/offsets.c.obj

.debug_line     0x00000000    0x15562
 *(SORT_BY_ALIGNMENT(.debug_line) SORT_BY_ALIGNMENT(.debug_line.*) SORT_BY_ALIGNMENT(.debug_line_end))
 .debug_line    0x00000000      0x3ec app/libapp.a(main.c.obj)
 .debug_line    0x000003ec      0x735 zephyr/libzephyr.a(fdtable.c.obj)
 .debug_line    0x00000b21      0xda5 zephyr/libzephyr.a(mempool.c.obj)
 .debug_line    0x000018c6      0xa7a zephyr/libzephyr.a(printk.c.obj)
 .debug_line    0x00002340      0x497 zephyr/libzephyr.a(thread_entry.c.obj)
 .debug_line    0x000027d7      0x14c zephyr/libzephyr.a(configs.c.obj)
 .debug_line    0x00002923      0x5b8 zephyr/libzephyr.a(soc.c.obj)
 .debug_line    0x00002edb      0x5a3 zephyr/libzephyr.a(uart_console.c.obj)
 .debug_line    0x0000347e      0xd97 zephyr/libzephyr.a(nrf_power_clock.c.obj)
 .debug_line    0x00004215      0x497 zephyr/libzephyr.a(sys_clock_init.c.obj)
 .debug_line    0x000046ac      0xbdd zephyr/libzephyr.a(nrf_rtc_timer.c.obj)
 .debug_line    0x00005289      0x2c2 zephyr/arch/common/libarch__common.a(isr_tables.c.obj)
 .debug_line    0x0000554b       0x9c zephyr/arch/arch/arm/core/aarch32/libarch__arm__core__aarch32.a(exc_exit.S.obj)
 .debug_line    0x000055e7       0xe2 zephyr/arch/arch/arm/core/aarch32/libarch__arm__core__aarch32.a(swap_helper.S.obj)
 .debug_line    0x000056c9       0xba zephyr/arch/arch/arm/core/aarch32/libarch__arm__core__aarch32.a(cpu_idle.S.obj)
 .debug_line    0x00005783       0x92 zephyr/arch/arch/arm/core/aarch32/libarch__arm__core__aarch32.a(fault_s.S.obj)
 .debug_line    0x00005815       0x90 zephyr/arch/arch/arm/core/aarch32/libarch__arm__core__aarch32.a(nmi_on_reset.S.obj)
 .debug_line    0x000058a5       0xb9 zephyr/arch/arch/arm/core/aarch32/libarch__arm__core__aarch32.a(isr_wrapper.S.obj)
 .debug_line    0x0000595e      0x544 zephyr/arch/arch/arm/core/aarch32/libarch__arm__core__aarch32.a(swap.c.obj)
 .debug_line    0x00005ea2      0x5c2 zephyr/arch/arch/arm/core/aarch32/libarch__arm__core__aarch32.a(irq_manage.c.obj)
 .debug_line    0x00006464      0x651 zephyr/arch/arch/arm/core/aarch32/libarch__arm__core__aarch32.a(thread.c.obj)
 .debug_line    0x00006ab5      0x54f zephyr/arch/arch/arm/core/aarch32/libarch__arm__core__aarch32.a(fatal.c.obj)
 .debug_line    0x00007004      0x445 zephyr/arch/arch/arm/core/aarch32/libarch__arm__core__aarch32.a(nmi.c.obj)
 .debug_line    0x00007449      0x5b6 zephyr/arch/arch/arm/core/aarch32/libarch__arm__core__aarch32.a(prep_c.c.obj)
 .debug_line    0x000079ff       0xa2 zephyr/arch/arch/arm/core/aarch32/cortex_m/libarch__arm__core__aarch32__cortex_m.a(reset.S.obj)
 .debug_line    0x00007aa1      0xa40 zephyr/arch/arch/arm/core/aarch32/cortex_m/libarch__arm__core__aarch32__cortex_m.a(fault.c.obj)
 .debug_line    0x000084e1      0x48b zephyr/arch/arch/arm/core/aarch32/cortex_m/libarch__arm__core__aarch32__cortex_m.a(scb.c.obj)
 .debug_line    0x0000896c      0x364 zephyr/arch/arch/arm/core/aarch32/cortex_m/libarch__arm__core__aarch32__cortex_m.a(irq_init.c.obj)
 .debug_line    0x00008cd0      0x5af zephyr/arch/arch/arm/core/aarch32/cortex_m/libarch__arm__core__aarch32__cortex_m.a(thread_abort.c.obj)
 .debug_line    0x0000927f      0x5a3 zephyr/arch/arch/arm/core/aarch32/cortex_m/mpu/libarch__arm__core__aarch32__cortex_m__mpu.a(arm_core_mpu.c.obj)
 .debug_line    0x00009822      0xcdd zephyr/arch/arch/arm/core/aarch32/cortex_m/mpu/libarch__arm__core__aarch32__cortex_m__mpu.a(arm_mpu.c.obj)
 .debug_line    0x0000a4ff      0x5b0 zephyr/arch/arch/arm/core/aarch32/cortex_m/cmse/libarch__arm__core__aarch32__cortex_m__cmse.a(arm_core_cmse.c.obj)
 .debug_line    0x0000aaaf      0x5b7 zephyr/lib/libc/minimal/liblib__libc__minimal.a(string.c.obj)
 .debug_line    0x0000b066      0x312 zephyr/lib/libc/minimal/liblib__libc__minimal.a(stdout_console.c.obj)
 .debug_line    0x0000b378      0x2d3 zephyr/soc/arm/common/cortex_m/libsoc__arm__common__cortex_m.a(arm_mpu_regions.c.obj)
 .debug_line    0x0000b64b     0x11b1 zephyr/drivers/gpio/libdrivers__gpio.a(gpio_nrfx.c.obj)
 .debug_line    0x0000c7fc      0xc28 zephyr/drivers/serial/libdrivers__serial.a(uart_nrfx_uarte.c.obj)
 .debug_line    0x0000d424      0x511 modules/nrf/lib/fatal_error/lib..__nrf__lib__fatal_error.a(fatal_error.c.obj)
 .debug_line    0x0000d935      0x7ba modules/nrf/subsys/fw_info/lib..__nrf__subsys__fw_info.a(fw_info.c.obj)
 .debug_line    0x0000e0ef      0x181 modules/nordic/lib..__modules__hal__nordic.a(system_nrf9160.c.obj)
 .debug_line    0x0000e270      0x510 zephyr/kernel/libkernel.a(device.c.obj)
 .debug_line    0x0000e780      0x45d zephyr/kernel/libkernel.a(errno.c.obj)
 .debug_line    0x0000ebdd      0x704 zephyr/kernel/libkernel.a(fatal.c.obj)
 .debug_line    0x0000f2e1      0x602 zephyr/kernel/libkernel.a(idle.c.obj)
 .debug_line    0x0000f8e3      0xb90 zephyr/kernel/libkernel.a(init.c.obj)
 .debug_line    0x00010473     0x27de zephyr/kernel/libkernel.a(sched.c.obj)
 .debug_line    0x00012c51      0xcfb zephyr/kernel/libkernel.a(thread.c.obj)
 .debug_line    0x0001394c      0xe8f zephyr/kernel/libkernel.a(timeout.c.obj)
 .debug_line    0x000147db      0x85b zephyr/kernel/libkernel.a(mempool.c.obj)
 .debug_line    0x00015036      0x52c zephyr/CMakeFiles/offsets.dir/./arch/arm/core/offsets/offsets.c.obj

.debug_frame    0x00000000     0x1ab4
 *(SORT_BY_ALIGNMENT(.debug_frame))
 .debug_frame   0x00000000       0x20 app/libapp.a(main.c.obj)
 .debug_frame   0x00000020       0xb4 zephyr/libzephyr.a(fdtable.c.obj)
 .debug_frame   0x000000d4      0x154 zephyr/libzephyr.a(mempool.c.obj)
 .debug_frame   0x00000228      0x19c zephyr/libzephyr.a(printk.c.obj)
 .debug_frame   0x000003c4       0x28 zephyr/libzephyr.a(thread_entry.c.obj)
 .debug_frame   0x000003ec       0x20 zephyr/libzephyr.a(configs.c.obj)
 .debug_frame   0x0000040c       0x40 zephyr/libzephyr.a(soc.c.obj)
 .debug_frame   0x0000044c       0x60 zephyr/libzephyr.a(uart_console.c.obj)
 .debug_frame   0x000004ac       0xc4 zephyr/libzephyr.a(nrf_power_clock.c.obj)
 .debug_frame   0x00000570       0x70 zephyr/libzephyr.a(sys_clock_init.c.obj)
 .debug_frame   0x000005e0       0x78 zephyr/libzephyr.a(nrf_rtc_timer.c.obj)
 .debug_frame   0x00000658       0x20 zephyr/arch/arch/arm/core/aarch32/libarch__arm__core__aarch32.a(swap.c.obj)
 .debug_frame   0x00000678       0x78 zephyr/arch/arch/arm/core/aarch32/libarch__arm__core__aarch32.a(irq_manage.c.obj)
 .debug_frame   0x000006f0       0x50 zephyr/arch/arch/arm/core/aarch32/libarch__arm__core__aarch32.a(thread.c.obj)
 .debug_frame   0x00000740       0x48 zephyr/arch/arch/arm/core/aarch32/libarch__arm__core__aarch32.a(fatal.c.obj)
 .debug_frame   0x00000788       0x2c zephyr/arch/arch/arm/core/aarch32/libarch__arm__core__aarch32.a(nmi.c.obj)
 .debug_frame   0x000007b4       0x28 zephyr/arch/arch/arm/core/aarch32/libarch__arm__core__aarch32.a(prep_c.c.obj)
 .debug_frame   0x000007dc       0x78 zephyr/arch/arch/arm/core/aarch32/cortex_m/libarch__arm__core__aarch32__cortex_m.a(fault.c.obj)
 .debug_frame   0x00000854       0x20 zephyr/arch/arch/arm/core/aarch32/cortex_m/libarch__arm__core__aarch32__cortex_m.a(scb.c.obj)
 .debug_frame   0x00000874       0x20 zephyr/arch/arch/arm/core/aarch32/cortex_m/libarch__arm__core__aarch32__cortex_m.a(irq_init.c.obj)
 .debug_frame   0x00000894       0x34 zephyr/arch/arch/arm/core/aarch32/cortex_m/libarch__arm__core__aarch32__cortex_m.a(thread_abort.c.obj)
 .debug_frame   0x000008c8       0x48 zephyr/arch/arch/arm/core/aarch32/cortex_m/mpu/libarch__arm__core__aarch32__cortex_m__mpu.a(arm_core_mpu.c.obj)
 .debug_frame   0x00000910      0x124 zephyr/arch/arch/arm/core/aarch32/cortex_m/mpu/libarch__arm__core__aarch32__cortex_m__mpu.a(arm_mpu.c.obj)
 .debug_frame   0x00000a34       0x70 zephyr/arch/arch/arm/core/aarch32/cortex_m/cmse/libarch__arm__core__aarch32__cortex_m__cmse.a(arm_core_cmse.c.obj)
 .debug_frame   0x00000aa4      0x168 zephyr/lib/libc/minimal/liblib__libc__minimal.a(string.c.obj)
 .debug_frame   0x00000c0c       0xb8 zephyr/lib/libc/minimal/liblib__libc__minimal.a(stdout_console.c.obj)
 .debug_frame   0x00000cc4      0x120 zephyr/drivers/gpio/libdrivers__gpio.a(gpio_nrfx.c.obj)
 .debug_frame   0x00000de4       0x94 zephyr/drivers/serial/libdrivers__serial.a(uart_nrfx_uarte.c.obj)
 .debug_frame   0x00000e78       0x28 modules/nrf/lib/fatal_error/lib..__nrf__lib__fatal_error.a(fatal_error.c.obj)
 .debug_frame   0x00000ea0       0x7c modules/nrf/subsys/fw_info/lib..__nrf__subsys__fw_info.a(fw_info.c.obj)
 .debug_frame   0x00000f1c       0x30 modules/nordic/lib..__modules__hal__nordic.a(system_nrf9160.c.obj)
 .debug_frame   0x00000f4c       0x68 zephyr/kernel/libkernel.a(device.c.obj)
 .debug_frame   0x00000fb4       0x20 zephyr/kernel/libkernel.a(errno.c.obj)
 .debug_frame   0x00000fd4       0x74 zephyr/kernel/libkernel.a(fatal.c.obj)
 .debug_frame   0x00001048       0x38 zephyr/kernel/libkernel.a(idle.c.obj)
 .debug_frame   0x00001080       0xa4 zephyr/kernel/libkernel.a(init.c.obj)
 .debug_frame   0x00001124      0x4ec zephyr/kernel/libkernel.a(sched.c.obj)
 .debug_frame   0x00001610      0x200 zephyr/kernel/libkernel.a(thread.c.obj)
 .debug_frame   0x00001810      0x13c zephyr/kernel/libkernel.a(timeout.c.obj)
 .debug_frame   0x0000194c       0xe4 zephyr/kernel/libkernel.a(mempool.c.obj)
 .debug_frame   0x00001a30       0x20 zephyr/CMakeFiles/offsets.dir/./arch/arm/core/offsets/offsets.c.obj
 .debug_frame   0x00001a50       0x2c c:/gnuarmemb/bin/../lib/gcc/arm-none-eabi/8.3.1/thumb/v8-m.main/nofp\libgcc.a(_aeabi_uldivmod.o)
 .debug_frame   0x00001a7c       0x38 c:/gnuarmemb/bin/../lib/gcc/arm-none-eabi/8.3.1/thumb/v8-m.main/nofp\libgcc.a(_udivmoddi4.o)

.debug_str      0x00000000     0x6d80
 *(SORT_BY_ALIGNMENT(.debug_str))
 .debug_str     0x00000000      0x51a app/libapp.a(main.c.obj)
                                0x66d (size before relaxing)
 .debug_str     0x0000051a      0x29d zephyr/libzephyr.a(fdtable.c.obj)
                                0x943 (size before relaxing)
 .debug_str     0x000007b7      0x2bc zephyr/libzephyr.a(mempool.c.obj)
                                0x9ca (size before relaxing)
 .debug_str     0x00000a73      0x21c zephyr/libzephyr.a(printk.c.obj)
                                0xa07 (size before relaxing)
 .debug_str     0x00000c8f       0xa4 zephyr/libzephyr.a(thread_entry.c.obj)
                                0x71a (size before relaxing)
 .debug_str     0x00000d33       0x2f zephyr/libzephyr.a(configs.c.obj)
                                0x1c1 (size before relaxing)
 .debug_str     0x00000d62      0x280 zephyr/libzephyr.a(soc.c.obj)
                                0x999 (size before relaxing)
 .debug_str     0x00000fe2      0x161 zephyr/libzephyr.a(uart_console.c.obj)
                                0x994 (size before relaxing)
 .debug_str     0x00001143      0x926 zephyr/libzephyr.a(nrf_power_clock.c.obj)
                               0x113d (size before relaxing)
 .debug_str     0x00001a69      0x12e zephyr/libzephyr.a(sys_clock_init.c.obj)
                                0x8e4 (size before relaxing)
 .debug_str     0x00001b97      0x6ca zephyr/libzephyr.a(nrf_rtc_timer.c.obj)
                               0x1186 (size before relaxing)
 .debug_str     0x00002261       0x8a zephyr/arch/common/libarch__common.a(isr_tables.c.obj)
                                0x394 (size before relaxing)
 .debug_str     0x000022eb       0x6a zephyr/arch/arch/arm/core/aarch32/libarch__arm__core__aarch32.a(exc_exit.S.obj)
                                 0xbb (size before relaxing)
 .debug_str     0x00002355       0x5f zephyr/arch/arch/arm/core/aarch32/libarch__arm__core__aarch32.a(swap_helper.S.obj)
                                 0xbe (size before relaxing)
 .debug_str     0x000023b4       0x5c zephyr/arch/arch/arm/core/aarch32/libarch__arm__core__aarch32.a(cpu_idle.S.obj)
                                 0xbb (size before relaxing)
 .debug_str     0x00002410       0x5b zephyr/arch/arch/arm/core/aarch32/libarch__arm__core__aarch32.a(fault_s.S.obj)
                                 0xba (size before relaxing)
 .debug_str     0x0000246b       0x60 zephyr/arch/arch/arm/core/aarch32/libarch__arm__core__aarch32.a(nmi_on_reset.S.obj)
                                 0xbf (size before relaxing)
 .debug_str     0x000024cb       0x5f zephyr/arch/arch/arm/core/aarch32/libarch__arm__core__aarch32.a(isr_wrapper.S.obj)
                                 0xbe (size before relaxing)
 .debug_str     0x0000252a      0x1b3 zephyr/arch/arch/arm/core/aarch32/libarch__arm__core__aarch32.a(swap.c.obj)
                                0x850 (size before relaxing)
 .debug_str     0x000026dd      0x12b zephyr/arch/arch/arm/core/aarch32/libarch__arm__core__aarch32.a(irq_manage.c.obj)
                                0xb6d (size before relaxing)
 .debug_str     0x00002808      0x1a7 zephyr/arch/arch/arm/core/aarch32/libarch__arm__core__aarch32.a(thread.c.obj)
                                0x8a3 (size before relaxing)
 .debug_str     0x000029af      0x1c1 zephyr/arch/arch/arm/core/aarch32/libarch__arm__core__aarch32.a(fatal.c.obj)
                                0x917 (size before relaxing)
 .debug_str     0x00002b70       0x80 zephyr/arch/arch/arm/core/aarch32/libarch__arm__core__aarch32.a(nmi.c.obj)
                                0x6d3 (size before relaxing)
 .debug_str     0x00002bf0      0x2c3 zephyr/arch/arch/arm/core/aarch32/libarch__arm__core__aarch32.a(prep_c.c.obj)
                                0xaa4 (size before relaxing)
 .debug_str     0x00002eb3       0x62 zephyr/arch/arch/arm/core/aarch32/cortex_m/libarch__arm__core__aarch32__cortex_m.a(reset.S.obj)
                                 0xc1 (size before relaxing)
 .debug_str     0x00002f15      0x15f zephyr/arch/arch/arm/core/aarch32/cortex_m/libarch__arm__core__aarch32__cortex_m.a(fault.c.obj)
                                0xb52 (size before relaxing)
 .debug_str     0x00003074       0x83 zephyr/arch/arch/arm/core/aarch32/cortex_m/libarch__arm__core__aarch32__cortex_m.a(scb.c.obj)
                                0x7fa (size before relaxing)
 .debug_str     0x000030f7       0x65 zephyr/arch/arch/arm/core/aarch32/cortex_m/libarch__arm__core__aarch32__cortex_m.a(irq_init.c.obj)
                                0x75f (size before relaxing)
 .debug_str     0x0000315c       0xa3 zephyr/arch/arch/arm/core/aarch32/cortex_m/libarch__arm__core__aarch32__cortex_m.a(thread_abort.c.obj)
                                0x8a9 (size before relaxing)
 .debug_str     0x000031ff      0x16d zephyr/arch/arch/arm/core/aarch32/cortex_m/mpu/libarch__arm__core__aarch32__cortex_m__mpu.a(arm_core_mpu.c.obj)
                                0xadd (size before relaxing)
 .debug_str     0x0000336c      0x415 zephyr/arch/arch/arm/core/aarch32/cortex_m/mpu/libarch__arm__core__aarch32__cortex_m__mpu.a(arm_mpu.c.obj)
                                0xfa2 (size before relaxing)
 .debug_str     0x00003781      0x19b zephyr/arch/arch/arm/core/aarch32/cortex_m/cmse/libarch__arm__core__aarch32__cortex_m__cmse.a(arm_core_cmse.c.obj)
                                0x831 (size before relaxing)
 .debug_str     0x0000391c      0x110 zephyr/lib/libc/minimal/liblib__libc__minimal.a(string.c.obj)
                                0x354 (size before relaxing)
 .debug_str     0x00003a2c       0xd4 zephyr/lib/libc/minimal/liblib__libc__minimal.a(stdout_console.c.obj)
                                0x351 (size before relaxing)
 .debug_str     0x00003b00       0x65 zephyr/soc/arm/common/cortex_m/libsoc__arm__common__cortex_m.a(arm_mpu_regions.c.obj)
                                0x368 (size before relaxing)
 .debug_str     0x00003b65      0xaec zephyr/drivers/gpio/libdrivers__gpio.a(gpio_nrfx.c.obj)
                               0x14c0 (size before relaxing)
 .debug_str     0x00004651      0xce9 zephyr/drivers/serial/libdrivers__serial.a(uart_nrfx_uarte.c.obj)
                               0x183e (size before relaxing)
 .debug_str     0x0000533a      0x241 modules/nrf/lib/fatal_error/lib..__nrf__lib__fatal_error.a(fatal_error.c.obj)
                                0xa56 (size before relaxing)
 .debug_str     0x0000557b      0x351 modules/nrf/subsys/fw_info/lib..__nrf__subsys__fw_info.a(fw_info.c.obj)
                                0xbd9 (size before relaxing)
 .debug_str     0x000058cc       0x77 modules/nordic/lib..__modules__hal__nordic.a(system_nrf9160.c.obj)
                                0x2c6 (size before relaxing)
 .debug_str     0x00005943      0x156 zephyr/kernel/libkernel.a(device.c.obj)
                                0x819 (size before relaxing)
 .debug_str     0x00005a99       0x4a zephyr/kernel/libkernel.a(errno.c.obj)
                                0x7cb (size before relaxing)
 .debug_str     0x00005ae3       0x84 zephyr/kernel/libkernel.a(fatal.c.obj)
                                0xb2d (size before relaxing)
 .debug_str     0x00005b67       0xf3 zephyr/kernel/libkernel.a(idle.c.obj)
                                0x898 (size before relaxing)
 .debug_str     0x00005c5a      0x280 zephyr/kernel/libkernel.a(init.c.obj)
                               0x1342 (size before relaxing)
 .debug_str     0x00005eda      0x85e zephyr/kernel/libkernel.a(sched.c.obj)
                               0x1281 (size before relaxing)
 .debug_str     0x00006738      0x33e zephyr/kernel/libkernel.a(thread.c.obj)
                                0xe7c (size before relaxing)
 .debug_str     0x00006a76       0xfc zephyr/kernel/libkernel.a(timeout.c.obj)
                                0xb14 (size before relaxing)
 .debug_str     0x00006b72      0x1a4 zephyr/kernel/libkernel.a(mempool.c.obj)
                                0xb0d (size before relaxing)
 .debug_str     0x00006d16       0x6a zephyr/CMakeFiles/offsets.dir/./arch/arm/core/offsets/offsets.c.obj
                                0x6eb (size before relaxing)

.debug_loc      0x00000000     0xead4
 *(SORT_BY_ALIGNMENT(.debug_loc))
 .debug_loc     0x00000000      0x2f7 zephyr/libzephyr.a(fdtable.c.obj)
 .debug_loc     0x000002f7     0x1197 zephyr/libzephyr.a(mempool.c.obj)
 .debug_loc     0x0000148e      0xd70 zephyr/libzephyr.a(printk.c.obj)
 .debug_loc     0x000021fe       0xc0 zephyr/libzephyr.a(thread_entry.c.obj)
 .debug_loc     0x000022be      0x11c zephyr/libzephyr.a(soc.c.obj)
 .debug_loc     0x000023da      0x144 zephyr/libzephyr.a(uart_console.c.obj)
 .debug_loc     0x0000251e     0x1054 zephyr/libzephyr.a(nrf_power_clock.c.obj)
 .debug_loc     0x00003572       0x4a zephyr/libzephyr.a(sys_clock_init.c.obj)
 .debug_loc     0x000035bc      0x7c3 zephyr/libzephyr.a(nrf_rtc_timer.c.obj)
 .debug_loc     0x00003d7f       0x3b zephyr/arch/arch/arm/core/aarch32/libarch__arm__core__aarch32.a(swap.c.obj)
 .debug_loc     0x00003dba      0x1c3 zephyr/arch/arch/arm/core/aarch32/libarch__arm__core__aarch32.a(irq_manage.c.obj)
 .debug_loc     0x00003f7d      0x2a6 zephyr/arch/arch/arm/core/aarch32/libarch__arm__core__aarch32.a(thread.c.obj)
 .debug_loc     0x00004223      0x14d zephyr/arch/arch/arm/core/aarch32/libarch__arm__core__aarch32.a(fatal.c.obj)
 .debug_loc     0x00004370      0x666 zephyr/arch/arch/arm/core/aarch32/cortex_m/libarch__arm__core__aarch32__cortex_m.a(fault.c.obj)
 .debug_loc     0x000049d6       0x6a zephyr/arch/arch/arm/core/aarch32/cortex_m/libarch__arm__core__aarch32__cortex_m.a(irq_init.c.obj)
 .debug_loc     0x00004a40       0x7e zephyr/arch/arch/arm/core/aarch32/cortex_m/libarch__arm__core__aarch32__cortex_m.a(thread_abort.c.obj)
 .debug_loc     0x00004abe       0x25 zephyr/arch/arch/arm/core/aarch32/cortex_m/mpu/libarch__arm__core__aarch32__cortex_m__mpu.a(arm_core_mpu.c.obj)
 .debug_loc     0x00004ae3      0xa4f zephyr/arch/arch/arm/core/aarch32/cortex_m/mpu/libarch__arm__core__aarch32__cortex_m__mpu.a(arm_mpu.c.obj)
 .debug_loc     0x00005532      0x5ab zephyr/arch/arch/arm/core/aarch32/cortex_m/cmse/libarch__arm__core__aarch32__cortex_m__cmse.a(arm_core_cmse.c.obj)
 .debug_loc     0x00005add      0xb62 zephyr/lib/libc/minimal/liblib__libc__minimal.a(string.c.obj)
 .debug_loc     0x0000663f      0x574 zephyr/lib/libc/minimal/liblib__libc__minimal.a(stdout_console.c.obj)
 .debug_loc     0x00006bb3     0x1970 zephyr/drivers/gpio/libdrivers__gpio.a(gpio_nrfx.c.obj)
 .debug_loc     0x00008523      0xcd8 zephyr/drivers/serial/libdrivers__serial.a(uart_nrfx_uarte.c.obj)
 .debug_loc     0x000091fb       0x4a modules/nrf/lib/fatal_error/lib..__nrf__lib__fatal_error.a(fatal_error.c.obj)
 .debug_loc     0x00009245      0x484 modules/nrf/subsys/fw_info/lib..__nrf__subsys__fw_info.a(fw_info.c.obj)
 .debug_loc     0x000096c9       0xe2 zephyr/kernel/libkernel.a(device.c.obj)
 .debug_loc     0x000097ab      0x124 zephyr/kernel/libkernel.a(fatal.c.obj)
 .debug_loc     0x000098cf       0xcb zephyr/kernel/libkernel.a(idle.c.obj)
 .debug_loc     0x0000999a      0x39d zephyr/kernel/libkernel.a(init.c.obj)
 .debug_loc     0x00009d37     0x3046 zephyr/kernel/libkernel.a(sched.c.obj)
 .debug_loc     0x0000cd7d      0xda4 zephyr/kernel/libkernel.a(thread.c.obj)
 .debug_loc     0x0000db21      0xb4c zephyr/kernel/libkernel.a(timeout.c.obj)
 .debug_loc     0x0000e66d      0x467 zephyr/kernel/libkernel.a(mempool.c.obj)

.debug_macinfo
 *(SORT_BY_ALIGNMENT(.debug_macinfo))

.debug_weaknames
 *(SORT_BY_ALIGNMENT(.debug_weaknames))

.debug_funcnames
 *(SORT_BY_ALIGNMENT(.debug_funcnames))

.debug_typenames
 *(SORT_BY_ALIGNMENT(.debug_typenames))

.debug_varnames
 *(SORT_BY_ALIGNMENT(.debug_varnames))

.debug_pubtypes
 *(SORT_BY_ALIGNMENT(.debug_pubtypes))

.debug_ranges   0x00000000     0x3e98
 *(SORT_BY_ALIGNMENT(.debug_ranges))
 .debug_ranges  0x00000000       0x20 zephyr/arch/arch/arm/core/aarch32/libarch__arm__core__aarch32.a(swap_helper.S.obj)
 .debug_ranges  0x00000020       0x28 zephyr/arch/arch/arm/core/aarch32/libarch__arm__core__aarch32.a(cpu_idle.S.obj)
 .debug_ranges  0x00000048       0x10 app/libapp.a(main.c.obj)
 .debug_ranges  0x00000058       0x78 zephyr/libzephyr.a(fdtable.c.obj)
 .debug_ranges  0x000000d0      0x3a8 zephyr/libzephyr.a(mempool.c.obj)
 .debug_ranges  0x00000478       0xe8 zephyr/libzephyr.a(printk.c.obj)
 .debug_ranges  0x00000560       0x10 zephyr/libzephyr.a(thread_entry.c.obj)
 .debug_ranges  0x00000570       0x10 zephyr/libzephyr.a(configs.c.obj)
 .debug_ranges  0x00000580       0x20 zephyr/libzephyr.a(soc.c.obj)
 .debug_ranges  0x000005a0       0x38 zephyr/libzephyr.a(uart_console.c.obj)
 .debug_ranges  0x000005d8      0x3d8 zephyr/libzephyr.a(nrf_power_clock.c.obj)
 .debug_ranges  0x000009b0       0x30 zephyr/libzephyr.a(sys_clock_init.c.obj)
 .debug_ranges  0x000009e0      0x268 zephyr/libzephyr.a(nrf_rtc_timer.c.obj)
 .debug_ranges  0x00000c48       0x10 zephyr/arch/arch/arm/core/aarch32/libarch__arm__core__aarch32.a(swap.c.obj)
 .debug_ranges  0x00000c58       0x50 zephyr/arch/arch/arm/core/aarch32/libarch__arm__core__aarch32.a(irq_manage.c.obj)
 .debug_ranges  0x00000ca8       0x18 zephyr/arch/arch/arm/core/aarch32/libarch__arm__core__aarch32.a(thread.c.obj)
 .debug_ranges  0x00000cc0       0x50 zephyr/arch/arch/arm/core/aarch32/libarch__arm__core__aarch32.a(fatal.c.obj)
 .debug_ranges  0x00000d10       0x10 zephyr/arch/arch/arm/core/aarch32/libarch__arm__core__aarch32.a(nmi.c.obj)
 .debug_ranges  0x00000d20       0x28 zephyr/arch/arch/arm/core/aarch32/libarch__arm__core__aarch32.a(prep_c.c.obj)
 .debug_ranges  0x00000d48       0xf0 zephyr/arch/arch/arm/core/aarch32/cortex_m/libarch__arm__core__aarch32__cortex_m.a(fault.c.obj)
 .debug_ranges  0x00000e38       0x10 zephyr/arch/arch/arm/core/aarch32/cortex_m/libarch__arm__core__aarch32__cortex_m.a(scb.c.obj)
 .debug_ranges  0x00000e48       0x30 zephyr/arch/arch/arm/core/aarch32/cortex_m/libarch__arm__core__aarch32__cortex_m.a(irq_init.c.obj)
 .debug_ranges  0x00000e78       0x28 zephyr/arch/arch/arm/core/aarch32/cortex_m/libarch__arm__core__aarch32__cortex_m.a(thread_abort.c.obj)
 .debug_ranges  0x00000ea0       0x18 zephyr/arch/arch/arm/core/aarch32/cortex_m/mpu/libarch__arm__core__aarch32__cortex_m__mpu.a(arm_core_mpu.c.obj)
 .debug_ranges  0x00000eb8      0x318 zephyr/arch/arch/arm/core/aarch32/cortex_m/mpu/libarch__arm__core__aarch32__cortex_m__mpu.a(arm_mpu.c.obj)
 .debug_ranges  0x000011d0       0xd8 zephyr/arch/arch/arm/core/aarch32/cortex_m/cmse/libarch__arm__core__aarch32__cortex_m__cmse.a(arm_core_cmse.c.obj)
 .debug_ranges  0x000012a8       0x80 zephyr/lib/libc/minimal/liblib__libc__minimal.a(string.c.obj)
 .debug_ranges  0x00001328       0x78 zephyr/lib/libc/minimal/liblib__libc__minimal.a(stdout_console.c.obj)
 .debug_ranges  0x000013a0      0x730 zephyr/drivers/gpio/libdrivers__gpio.a(gpio_nrfx.c.obj)
 .debug_ranges  0x00001ad0      0x440 zephyr/drivers/serial/libdrivers__serial.a(uart_nrfx_uarte.c.obj)
 .debug_ranges  0x00001f10       0x10 modules/nrf/lib/fatal_error/lib..__nrf__lib__fatal_error.a(fatal_error.c.obj)
 .debug_ranges  0x00001f20      0x1f0 modules/nrf/subsys/fw_info/lib..__nrf__subsys__fw_info.a(fw_info.c.obj)
 .debug_ranges  0x00002110       0x10 modules/nordic/lib..__modules__hal__nordic.a(system_nrf9160.c.obj)
 .debug_ranges  0x00002120       0x38 zephyr/kernel/libkernel.a(device.c.obj)
 .debug_ranges  0x00002158       0x10 zephyr/kernel/libkernel.a(errno.c.obj)
 .debug_ranges  0x00002168       0x58 zephyr/kernel/libkernel.a(fatal.c.obj)
 .debug_ranges  0x000021c0       0x48 zephyr/kernel/libkernel.a(idle.c.obj)
 .debug_ranges  0x00002208      0x248 zephyr/kernel/libkernel.a(init.c.obj)
 .debug_ranges  0x00002450     0x10c8 zephyr/kernel/libkernel.a(sched.c.obj)
 .debug_ranges  0x00003518      0x4a0 zephyr/kernel/libkernel.a(thread.c.obj)
 .debug_ranges  0x000039b8      0x3c8 zephyr/kernel/libkernel.a(timeout.c.obj)
 .debug_ranges  0x00003d80      0x108 zephyr/kernel/libkernel.a(mempool.c.obj)
 .debug_ranges  0x00003e88       0x10 zephyr/CMakeFiles/offsets.dir/./arch/arm/core/offsets/offsets.c.obj

.debug_macro
 *(SORT_BY_ALIGNMENT(.debug_macro))

.ARM.attributes
                0x00000000       0x34
 *(SORT_BY_ALIGNMENT(.ARM.attributes))
 .ARM.attributes
                0x00000000       0x36 zephyr/CMakeFiles/zephyr_prebuilt.dir/misc/empty_file.c.obj
 .ARM.attributes
                0x00000036       0x34 app/libapp.a(main.c.obj)
 .ARM.attributes